Archive member included to satisfy reference by file (symbol)

d:/rt-threadstudio/platform/env_released/env/tools/gnu_gcc/arm_gcc/mingw/bin/../lib/gcc/arm-none-eabi/5.4.1/armv7e-m/fpu\libgcc.a(_arm_addsubdf3.o)
                              ./rt-thread/components/libc/compilers/minilibc/math.o (__aeabi_dsub)
d:/rt-threadstudio/platform/env_released/env/tools/gnu_gcc/arm_gcc/mingw/bin/../lib/gcc/arm-none-eabi/5.4.1/armv7e-m/fpu\libgcc.a(_arm_muldivdf3.o)
                              ./rt-thread/components/libc/compilers/minilibc/math.o (__aeabi_dmul)
d:/rt-threadstudio/platform/env_released/env/tools/gnu_gcc/arm_gcc/mingw/bin/../lib/gcc/arm-none-eabi/5.4.1/armv7e-m/fpu\libgcc.a(_arm_fixdfsi.o)
                              ./rt-thread/components/libc/compilers/minilibc/math.o (__aeabi_d2iz)
d:/rt-threadstudio/platform/env_released/env/tools/gnu_gcc/arm_gcc/mingw/bin/../lib/gcc/arm-none-eabi/5.4.1/armv7e-m/fpu\libgcc.a(_aeabi_uldivmod.o)
                              ./libraries/STM32F4xx_HAL_Driver/Src/stm32f4xx_hal_rcc.o (__aeabi_uldivmod)
d:/rt-threadstudio/platform/env_released/env/tools/gnu_gcc/arm_gcc/mingw/bin/../lib/gcc/arm-none-eabi/5.4.1/armv7e-m/fpu\libgcc.a(_udivmoddi4.o)
                              d:/rt-threadstudio/platform/env_released/env/tools/gnu_gcc/arm_gcc/mingw/bin/../lib/gcc/arm-none-eabi/5.4.1/armv7e-m/fpu\libgcc.a(_aeabi_uldivmod.o) (__udivmoddi4)
d:/rt-threadstudio/platform/env_released/env/tools/gnu_gcc/arm_gcc/mingw/bin/../lib/gcc/arm-none-eabi/5.4.1/armv7e-m/fpu\libgcc.a(_dvmd_tls.o)
                              d:/rt-threadstudio/platform/env_released/env/tools/gnu_gcc/arm_gcc/mingw/bin/../lib/gcc/arm-none-eabi/5.4.1/armv7e-m/fpu\libgcc.a(_aeabi_uldivmod.o) (__aeabi_ldiv0)
d:/rt-threadstudio/platform/env_released/env/tools/gnu_gcc/arm_gcc/mingw/bin/../lib/gcc/arm-none-eabi/5.4.1/../../../../arm-none-eabi/lib/armv7e-m/fpu\libg.a(lib_a-exit.o)
                              d:/rt-threadstudio/platform/env_released/env/tools/gnu_gcc/arm_gcc/mingw/bin/../lib/gcc/arm-none-eabi/5.4.1/../../../../arm-none-eabi/lib/armv7e-m/fpu/crt0.o (exit)
d:/rt-threadstudio/platform/env_released/env/tools/gnu_gcc/arm_gcc/mingw/bin/../lib/gcc/arm-none-eabi/5.4.1/../../../../arm-none-eabi/lib/armv7e-m/fpu\libg.a(lib_a-impure.o)
                              d:/rt-threadstudio/platform/env_released/env/tools/gnu_gcc/arm_gcc/mingw/bin/../lib/gcc/arm-none-eabi/5.4.1/../../../../arm-none-eabi/lib/armv7e-m/fpu\libg.a(lib_a-exit.o) (_global_impure_ptr)
d:/rt-threadstudio/platform/env_released/env/tools/gnu_gcc/arm_gcc/mingw/bin/../lib/gcc/arm-none-eabi/5.4.1/../../../../arm-none-eabi/lib/armv7e-m/fpu\libg.a(lib_a-init.o)
                              d:/rt-threadstudio/platform/env_released/env/tools/gnu_gcc/arm_gcc/mingw/bin/../lib/gcc/arm-none-eabi/5.4.1/../../../../arm-none-eabi/lib/armv7e-m/fpu/crt0.o (__libc_init_array)
d:/rt-threadstudio/platform/env_released/env/tools/gnu_gcc/arm_gcc/mingw/bin/../lib/gcc/arm-none-eabi/5.4.1/../../../../arm-none-eabi/lib/armv7e-m/fpu\libg.a(lib_a-__call_atexit.o)
                              d:/rt-threadstudio/platform/env_released/env/tools/gnu_gcc/arm_gcc/mingw/bin/../lib/gcc/arm-none-eabi/5.4.1/../../../../arm-none-eabi/lib/armv7e-m/fpu\libg.a(lib_a-exit.o) (__call_exitprocs)
d:/rt-threadstudio/platform/env_released/env/tools/gnu_gcc/arm_gcc/mingw/bin/../lib/gcc/arm-none-eabi/5.4.1/../../../../arm-none-eabi/lib/armv7e-m/fpu\libg.a(lib_a-atexit.o)
                              d:/rt-threadstudio/platform/env_released/env/tools/gnu_gcc/arm_gcc/mingw/bin/../lib/gcc/arm-none-eabi/5.4.1/../../../../arm-none-eabi/lib/armv7e-m/fpu\libg.a(lib_a-__call_atexit.o) (atexit)
d:/rt-threadstudio/platform/env_released/env/tools/gnu_gcc/arm_gcc/mingw/bin/../lib/gcc/arm-none-eabi/5.4.1/../../../../arm-none-eabi/lib/armv7e-m/fpu\libg.a(lib_a-fini.o)
                              d:/rt-threadstudio/platform/env_released/env/tools/gnu_gcc/arm_gcc/mingw/bin/../lib/gcc/arm-none-eabi/5.4.1/../../../../arm-none-eabi/lib/armv7e-m/fpu\libg.a(lib_a-__call_atexit.o) (__libc_fini_array)
d:/rt-threadstudio/platform/env_released/env/tools/gnu_gcc/arm_gcc/mingw/bin/../lib/gcc/arm-none-eabi/5.4.1/../../../../arm-none-eabi/lib/armv7e-m/fpu\libg.a(lib_a-__atexit.o)
                              d:/rt-threadstudio/platform/env_released/env/tools/gnu_gcc/arm_gcc/mingw/bin/../lib/gcc/arm-none-eabi/5.4.1/../../../../arm-none-eabi/lib/armv7e-m/fpu\libg.a(lib_a-atexit.o) (__register_exitproc)

Allocating common symbols
Common symbol       size              file

memp_memory_NETDB_base
                    0x163             ./rt-thread/components/net/lwip-2.0.2/src/core/memp.o
netif_list          0x4               ./rt-thread/components/net/lwip-2.0.2/src/core/netif.o
rt_interrupt_to_thread
                    0x4               ./rt-thread/libcpu/arm/cortex-m4/cpuport.o
rt_interrupt_from_thread
                    0x4               ./rt-thread/libcpu/arm/cortex-m4/cpuport.o
[...]
Memory Configuration

Name             Origin             Length             Attributes
ROM              0x08020000         0x00100000         xr
RAM              0x20000000         0x00030000         rw
*default*        0x00000000         0xffffffff

Linker script and memory map

LOAD d:/rt-threadstudio/platform/env_released/env/tools/gnu_gcc/arm_gcc/mingw/bin/../lib/gcc/arm-none-eabi/5.4.1/armv7e-m/fpu/crti.o
LOAD d:/rt-threadstudio/platform/env_released/env/tools/gnu_gcc/arm_gcc/mingw/bin/../lib/gcc/arm-none-eabi/5.4.1/armv7e-m/fpu/crtbegin.o
LOAD d:/rt-threadstudio/platform/env_released/env/tools/gnu_gcc/arm_gcc/mingw/bin/../lib/gcc/arm-none-eabi/5.4.1/../../../../arm-none-eabi/lib/armv7e-m/fpu/crt0.o
LOAD ./rt-thread/src/clock.o
LOAD ./rt-thread/src/components.o
LOAD ./rt-thread/src/device.o
LOAD ./rt-thread/src/idle.o
LOAD ./rt-thread/src/ipc.o
LOAD ./rt-thread/src/irq.o
LOAD ./rt-thread/src/kservice.o
LOAD ./rt-thread/src/mem.o
LOAD ./rt-thread/src/mempool.o
LOAD ./rt-thread/src/object.o
LOAD ./rt-thread/src/scheduler.o
LOAD ./rt-thread/src/signal.o
LOAD ./rt-thread/src/thread.o
LOAD ./rt-thread/src/timer.o
LOAD ./rt-thread/libcpu/arm/cortex-m4/context_gcc.o
LOAD ./rt-thread/libcpu/arm/cortex-m4/cpuport.o
LOAD ./rt-thread/libcpu/arm/common/backtrace.o
LOAD ./rt-thread/libcpu/arm/common/div0.o
LOAD ./rt-thread/libcpu/arm/common/showmem.o
LOAD ./rt-thread/components/net/netdev/src/netdev.o
LOAD ./rt-thread/components/net/netdev/src/netdev_ipaddr.o
LOAD ./rt-thread/components/net/lwip-2.0.2/src/netif/ethernet.o
LOAD ./rt-thread/components/net/lwip-2.0.2/src/netif/ethernetif.o
LOAD ./rt-thread/components/net/lwip-2.0.2/src/netif/lowpan6.o
LOAD ./rt-thread/components/net/lwip-2.0.2/src/core/ipv4/autoip.o
LOAD ./rt-thread/components/net/lwip-2.0.2/src/core/ipv4/dhcp.o
LOAD ./rt-thread/components/net/lwip-2.0.2/src/core/ipv4/etharp.o
LOAD ./rt-thread/components/net/lwip-2.0.2/src/core/ipv4/icmp.o
LOAD ./rt-thread/components/net/lwip-2.0.2/src/core/ipv4/igmp.o
LOAD ./rt-thread/components/net/lwip-2.0.2/src/core/ipv4/ip4.o
LOAD ./rt-thread/components/net/lwip-2.0.2/src/core/ipv4/ip4_addr.o
LOAD ./rt-thread/components/net/lwip-2.0.2/src/core/ipv4/ip4_frag.o
LOAD ./rt-thread/components/net/lwip-2.0.2/src/core/def.o
LOAD ./rt-thread/components/net/lwip-2.0.2/src/core/dns.o
LOAD ./rt-thread/components/net/lwip-2.0.2/src/core/inet_chksum.o
LOAD ./rt-thread/components/net/lwip-2.0.2/src/core/init.o
LOAD ./rt-thread/components/net/lwip-2.0.2/src/core/ip.o
LOAD ./rt-thread/components/net/lwip-2.0.2/src/core/memp.o
LOAD ./rt-thread/components/net/lwip-2.0.2/src/core/netif.o
LOAD ./rt-thread/components/net/lwip-2.0.2/src/core/pbuf.o
LOAD ./rt-thread/components/net/lwip-2.0.2/src/core/raw.o
LOAD ./rt-thread/components/net/lwip-2.0.2/src/core/stats.o
LOAD ./rt-thread/components/net/lwip-2.0.2/src/core/sys.o
LOAD ./rt-thread/components/net/lwip-2.0.2/src/core/tcp.o
LOAD ./rt-thread/components/net/lwip-2.0.2/src/core/tcp_in.o
LOAD ./rt-thread/components/net/lwip-2.0.2/src/core/tcp_out.o
LOAD ./rt-thread/components/net/lwip-2.0.2/src/core/timeouts.o
LOAD ./rt-thread/components/net/lwip-2.0.2/src/core/udp.o
LOAD ./rt-thread/components/net/lwip-2.0.2/src/arch/sys_arch.o
LOAD ./rt-thread/components/net/lwip-2.0.2/src/apps/ping/ping.o
LOAD ./rt-thread/components/net/lwip-2.0.2/src/api/api_lib.o
LOAD ./rt-thread/components/net/lwip-2.0.2/src/api/api_msg.o
LOAD ./rt-thread/components/net/lwip-2.0.2/src/api/err.o
LOAD ./rt-thread/components/net/lwip-2.0.2/src/api/netbuf.o
LOAD ./rt-thread/components/net/lwip-2.0.2/src/api/netdb.o
LOAD ./rt-thread/components/net/lwip-2.0.2/src/api/netifapi.o
LOAD ./rt-thread/components/net/lwip-2.0.2/src/api/sockets.o
LOAD ./rt-thread/components/net/lwip-2.0.2/src/api/tcpip.o
LOAD ./rt-thread/components/libc/compilers/minilibc/ctype.o
LOAD ./rt-thread/components/libc/compilers/minilibc/math.o
LOAD ./rt-thread/components/libc/compilers/minilibc/qsort.o
LOAD ./rt-thread/components/libc/compilers/minilibc/rand.o
LOAD ./rt-thread/components/libc/compilers/minilibc/stdlib.o
LOAD ./rt-thread/components/libc/compilers/minilibc/string.o
LOAD ./rt-thread/components/libc/compilers/minilibc/time.o
LOAD ./rt-thread/components/finsh/cmd.o
LOAD ./rt-thread/components/finsh/msh.o
LOAD ./rt-thread/components/finsh/msh_file.o
LOAD ./rt-thread/components/finsh/shell.o
LOAD ./rt-thread/components/drivers/src/completion.o
LOAD ./rt-thread/components/drivers/src/dataqueue.o
LOAD ./rt-thread/components/drivers/src/pipe.o
LOAD ./rt-thread/components/drivers/src/ringblk_buf.o
LOAD ./rt-thread/components/drivers/src/ringbuffer.o
LOAD ./rt-thread/components/drivers/src/waitqueue.o
LOAD ./rt-thread/components/drivers/src/workqueue.o
LOAD ./rt-thread/components/drivers/spi/sfud/src/sfud.o
LOAD ./rt-thread/components/drivers/spi/sfud/src/sfud_sfdp.o
LOAD ./rt-thread/components/drivers/spi/spi_core.o
LOAD ./rt-thread/components/drivers/spi/spi_dev.o
LOAD ./rt-thread/components/drivers/spi/spi_flash_sfud.o
LOAD ./rt-thread/components/drivers/serial/serial.o
LOAD ./rt-thread/components/drivers/misc/adc.o
LOAD ./rt-thread/components/drivers/misc/pin.o
LOAD ./rt-thread/components/drivers/i2c/i2c-bit-ops.o
LOAD ./rt-thread/components/drivers/i2c/i2c_core.o
LOAD ./rt-thread/components/drivers/i2c/i2c_dev.o
LOAD ./rt-thread/components/drivers/hwtimer/hwtimer.o
LOAD ./rt-thread/components/drivers/can/can.o
LOAD ./rt-thread/components/dfs/src/dfs.o
LOAD ./rt-thread/components/dfs/src/dfs_file.o
LOAD ./rt-thread/components/dfs/src/dfs_fs.o
LOAD ./rt-thread/components/dfs/src/dfs_posix.o
LOAD ./rt-thread/components/dfs/filesystems/elmfat/option/ccsbcs.o
LOAD ./rt-thread/components/dfs/filesystems/elmfat/dfs_elm.o
LOAD ./rt-thread/components/dfs/filesystems/elmfat/ff.o
LOAD ./libraries/STM32F4xx_HAL_Driver/Src/Legacy/stm32f4xx_hal_can.o
LOAD ./libraries/STM32F4xx_HAL_Driver/Src/stm32f4xx_hal.o
LOAD ./libraries/STM32F4xx_HAL_Driver/Src/stm32f4xx_hal_adc.o
LOAD ./libraries/STM32F4xx_HAL_Driver/Src/stm32f4xx_hal_adc_ex.o
LOAD ./libraries/STM32F4xx_HAL_Driver/Src/stm32f4xx_hal_can.o
LOAD ./libraries/STM32F4xx_HAL_Driver/Src/stm32f4xx_hal_cec.o
LOAD ./libraries/STM32F4xx_HAL_Driver/Src/stm32f4xx_hal_cortex.o
LOAD ./libraries/STM32F4xx_HAL_Driver/Src/stm32f4xx_hal_crc.o
LOAD ./libraries/STM32F4xx_HAL_Driver/Src/stm32f4xx_hal_cryp.o
LOAD ./libraries/STM32F4xx_HAL_Driver/Src/stm32f4xx_hal_cryp_ex.o
LOAD ./libraries/STM32F4xx_HAL_Driver/Src/stm32f4xx_hal_dac.o
LOAD ./libraries/STM32F4xx_HAL_Driver/Src/stm32f4xx_hal_dac_ex.o
LOAD ./libraries/STM32F4xx_HAL_Driver/Src/stm32f4xx_hal_dcmi.o
LOAD ./libraries/STM32F4xx_HAL_Driver/Src/stm32f4xx_hal_dcmi_ex.o
LOAD ./libraries/STM32F4xx_HAL_Driver/Src/stm32f4xx_hal_dfsdm.o
LOAD ./libraries/STM32F4xx_HAL_Driver/Src/stm32f4xx_hal_dma.o
LOAD ./libraries/STM32F4xx_HAL_Driver/Src/stm32f4xx_hal_dma2d.o
LOAD ./libraries/STM32F4xx_HAL_Driver/Src/stm32f4xx_hal_dma_ex.o
LOAD ./libraries/STM32F4xx_HAL_Driver/Src/stm32f4xx_hal_dsi.o
LOAD ./libraries/STM32F4xx_HAL_Driver/Src/stm32f4xx_hal_eth.o
LOAD ./libraries/STM32F4xx_HAL_Driver/Src/stm32f4xx_hal_exti.o
LOAD ./libraries/STM32F4xx_HAL_Driver/Src/stm32f4xx_hal_flash.o
LOAD ./libraries/STM32F4xx_HAL_Driver/Src/stm32f4xx_hal_flash_ex.o
LOAD ./libraries/STM32F4xx_HAL_Driver/Src/stm32f4xx_hal_flash_ramfunc.o
LOAD ./libraries/STM32F4xx_HAL_Driver/Src/stm32f4xx_hal_fmpi2c.o
LOAD ./libraries/STM32F4xx_HAL_Driver/Src/stm32f4xx_hal_fmpi2c_ex.o
LOAD ./libraries/STM32F4xx_HAL_Driver/Src/stm32f4xx_hal_gpio.o
LOAD ./libraries/STM32F4xx_HAL_Driver/Src/stm32f4xx_hal_hash.o
LOAD ./libraries/STM32F4xx_HAL_Driver/Src/stm32f4xx_hal_hash_ex.o
LOAD ./libraries/STM32F4xx_HAL_Driver/Src/stm32f4xx_hal_hcd.o
LOAD ./libraries/STM32F4xx_HAL_Driver/Src/stm32f4xx_hal_i2c.o
LOAD ./libraries/STM32F4xx_HAL_Driver/Src/stm32f4xx_hal_i2c_ex.o
LOAD ./libraries/STM32F4xx_HAL_Driver/Src/stm32f4xx_hal_i2s.o
LOAD ./libraries/STM32F4xx_HAL_Driver/Src/stm32f4xx_hal_i2s_ex.o
LOAD ./libraries/STM32F4xx_HAL_Driver/Src/stm32f4xx_hal_irda.o
LOAD ./libraries/STM32F4xx_HAL_Driver/Src/stm32f4xx_hal_iwdg.o
LOAD ./libraries/STM32F4xx_HAL_Driver/Src/stm32f4xx_hal_lptim.o
LOAD ./libraries/STM32F4xx_HAL_Driver/Src/stm32f4xx_hal_ltdc.o
LOAD ./libraries/STM32F4xx_HAL_Driver/Src/stm32f4xx_hal_ltdc_ex.o
LOAD ./libraries/STM32F4xx_HAL_Driver/Src/stm32f4xx_hal_mmc.o
LOAD ./libraries/STM32F4xx_HAL_Driver/Src/stm32f4xx_hal_nand.o
LOAD ./libraries/STM32F4xx_HAL_Driver/Src/stm32f4xx_hal_nor.o
LOAD ./libraries/STM32F4xx_HAL_Driver/Src/stm32f4xx_hal_pccard.o
LOAD ./libraries/STM32F4xx_HAL_Driver/Src/stm32f4xx_hal_pcd.o
LOAD ./libraries/STM32F4xx_HAL_Driver/Src/stm32f4xx_hal_pcd_ex.o
LOAD ./libraries/STM32F4xx_HAL_Driver/Src/stm32f4xx_hal_pwr.o
LOAD ./libraries/STM32F4xx_HAL_Driver/Src/stm32f4xx_hal_pwr_ex.o
LOAD ./libraries/STM32F4xx_HAL_Driver/Src/stm32f4xx_hal_qspi.o
LOAD ./libraries/STM32F4xx_HAL_Driver/Src/stm32f4xx_hal_rcc.o
LOAD ./libraries/STM32F4xx_HAL_Driver/Src/stm32f4xx_hal_rcc_ex.o
LOAD ./libraries/STM32F4xx_HAL_Driver/Src/stm32f4xx_hal_rng.o
LOAD ./libraries/STM32F4xx_HAL_Driver/Src/stm32f4xx_hal_rtc.o
LOAD ./libraries/STM32F4xx_HAL_Driver/Src/stm32f4xx_hal_rtc_ex.o
LOAD ./libraries/STM32F4xx_HAL_Driver/Src/stm32f4xx_hal_sai.o
LOAD ./libraries/STM32F4xx_HAL_Driver/Src/stm32f4xx_hal_sai_ex.o
LOAD ./libraries/STM32F4xx_HAL_Driver/Src/stm32f4xx_hal_sd.o
LOAD ./libraries/STM32F4xx_HAL_Driver/Src/stm32f4xx_hal_sdram.o
LOAD ./libraries/STM32F4xx_HAL_Driver/Src/stm32f4xx_hal_smartcard.o
LOAD ./libraries/STM32F4xx_HAL_Driver/Src/stm32f4xx_hal_smbus.o
LOAD ./libraries/STM32F4xx_HAL_Driver/Src/stm32f4xx_hal_spdifrx.o
LOAD ./libraries/STM32F4xx_HAL_Driver/Src/stm32f4xx_hal_spi.o
LOAD ./libraries/STM32F4xx_HAL_Driver/Src/stm32f4xx_hal_sram.o
LOAD ./libraries/STM32F4xx_HAL_Driver/Src/stm32f4xx_hal_tim.o
LOAD ./libraries/STM32F4xx_HAL_Driver/Src/stm32f4xx_hal_tim_ex.o
LOAD ./libraries/STM32F4xx_HAL_Driver/Src/stm32f4xx_hal_uart.o
LOAD ./libraries/STM32F4xx_HAL_Driver/Src/stm32f4xx_hal_usart.o
LOAD ./libraries/STM32F4xx_HAL_Driver/Src/stm32f4xx_hal_wwdg.o
LOAD ./libraries/CMSIS/Device/ST/STM32F4xx/Source/Templates/gcc/startup_stm32f427xx.o
LOAD ./libraries/CMSIS/Device/ST/STM32F4xx/Source/Templates/system_stm32f4xx.o
LOAD ./drivers/board.o
LOAD ./drivers/drv_common.o
LOAD ./drivers/drv_gpio.o
LOAD ./drivers/drv_soft_i2c.o
LOAD ./drivers/drv_spi.o
LOAD ./drivers/drv_usart.o
LOAD ./drivers/test_eth.o
LOAD ./applications/main.o
LOAD ./applications/update.o
START GROUP
LOAD d:/rt-threadstudio/platform/env_released/env/tools/gnu_gcc/arm_gcc/mingw/bin/../lib/gcc/arm-none-eabi/5.4.1/armv7e-m/fpu\libgcc.a
LOAD d:/rt-threadstudio/platform/env_released/env/tools/gnu_gcc/arm_gcc/mingw/bin/../lib/gcc/arm-none-eabi/5.4.1/../../../../arm-none-eabi/lib/armv7e-m/fpu\libg.a
LOAD d:/rt-threadstudio/platform/env_released/env/tools/gnu_gcc/arm_gcc/mingw/bin/../lib/gcc/arm-none-eabi/5.4.1/../../../../arm-none-eabi/lib/armv7e-m/fpu\libc.a
END GROUP
LOAD d:/rt-threadstudio/platform/env_released/env/tools/gnu_gcc/arm_gcc/mingw/bin/../lib/gcc/arm-none-eabi/5.4.1/armv7e-m/fpu/crtend.o
LOAD d:/rt-threadstudio/platform/env_released/env/tools/gnu_gcc/arm_gcc/mingw/bin/../lib/gcc/arm-none-eabi/5.4.1/armv7e-m/fpu/crtn.o
                0x00002000                _system_stack_size = 0x2000

.text           0x08020000    0x3c4b0
                0x08020000                . = ALIGN (0x4)
                0x08020000                _stext = .
 *(.isr_vector)
 .isr_vector    0x08020000      0x1ac ./libraries/CMSIS/Device/ST/STM32F4xx/Source/Templates/gcc/startup_stm32f427xx.o
                0x08020000                g_pfnVectors
                0x080201ac                . = ALIGN (0x4)
 *(.text)
 .text          0x080201ac       0x5c d:/rt-threadstudio/platform/env_released/env/tools/gnu_gcc/arm_gcc/mingw/bin/../lib/gcc/arm-none-eabi/5.4.1/armv7e-m/fpu/crtbegin.o
 .text          0x08020208      0x138 ./rt-thread/libcpu/arm/cortex-m4/context_gcc.o
                0x08020208                rt_hw_interrupt_disable
                0x08020210                rt_hw_interrupt_enable
                0x08020216                rt_hw_context_switch_interrupt
                0x08020216                rt_hw_context_switch
                0x08020236                PendSV_Handler
                0x080202a2                rt_hw_context_switch_to
                0x080202ea                rt_hw_interrupt_thread_switch
                0x080202ee                HardFault_Handler
 .text          0x08020340       0x30 d:/rt-threadstudio/platform/env_released/env/tools/gnu_gcc/arm_gcc/mingw/bin/../lib/gcc/arm-none-eabi/5.4.1/armv7e-m/fpu\libgcc.a(_aeabi_uldivmod.o)
                0x08020340                __aeabi_uldivmod
 .text          0x08020370      0x2e4 d:/rt-threadstudio/platform/env_released/env/tools/gnu_gcc/arm_gcc/mingw/bin/../lib/gcc/arm-none-eabi/5.4.1/armv7e-m/fpu\libgcc.a(_udivmoddi4.o)
                0x08020370                __udivmoddi4
 .text          0x08020654        0x4 d:/rt-threadstudio/platform/env_released/env/tools/gnu_gcc/arm_gcc/mingw/bin/../lib/gcc/arm-none-eabi/5.4.1/armv7e-m/fpu\libgcc.a(_dvmd_tls.o)
                0x08020654                __aeabi_idiv0
                0x08020654                __aeabi_ldiv0
 *(.text.*)
 .text.rt_tick_get
                0x08020658       0x18 ./rt-thread/src/clock.o
                0x08020658                rt_tick_get
 .text.rt_tick_increase
                0x08020670       0x58 ./rt-thread/src/clock.o
                0x08020670                rt_tick_increase
 .text.rt_tick_from_millisecond
                0x080206c8       0x78 ./rt-thread/src/clock.o
                0x080206c8                rt_tick_from_millisecond
 .text.rti_start
                0x08020740       0x10 ./rt-thread/src/components.o
 .text.rti_board_start
                0x08020750       0x10 ./rt-thread/src/components.o
 .text.rti_board_end
                0x08020760       0x10 ./rt-thread/src/components.o
 .text.rti_end  0x08020770       0x10 ./rt-thread/src/components.o
 .text.rt_components_board_init
                0x08020780       0x30 ./rt-thread/src/components.o
                0x08020780                rt_components_board_init
 .text.rt_components_init
                0x080207b0       0x30 ./rt-thread/src/components.o
                0x080207b0                rt_components_init
 .text.entry    0x080207e0       0x10 ./rt-thread/src/components.o
                0x080207e0                entry
 .text.main_thread_entry
                0x080207f0       0x18 ./rt-thread/src/components.o
                0x080207f0                main_thread_entry
 .text.rt_application_init
                0x08020808       0x4c ./rt-thread/src/components.o
                0x08020808                rt_application_init
 .text.rtthread_startup
                0x08020854       0x30 ./rt-thread/src/components.o
                0x08020854                rtthread_startup
 .text.rt_device_register
                0x08020884       0x54 ./rt-thread/src/device.o
                0x08020884                rt_device_register
 .text.rt_device_unregister
                0x080208d8       0x6c ./rt-thread/src/device.o
                0x080208d8                rt_device_unregister
 .text.rt_device_find
                0x08020944       0x90 ./rt-thread/src/device.o
                0x08020944                rt_device_find
 .text.rt_device_init
                0x080209d4       0x74 ./rt-thread/src/device.o
                0x080209d4                rt_device_init
 .text.rt_device_open
                0x08020a48      0x11c ./rt-thread/src/device.o
                0x08020a48                rt_device_open
 .text.rt_device_close
                0x08020b64       0x9c ./rt-thread/src/device.o
                0x08020b64                rt_device_close
 .text.rt_device_read
                0x08020c00       0x88 ./rt-thread/src/device.o
                0x08020c00                rt_device_read
 .text.rt_device_write
                0x08020c88       0x88 ./rt-thread/src/device.o
                0x08020c88                rt_device_write
 .text.rt_device_control
                0x08020d10       0x68 ./rt-thread/src/device.o
                0x08020d10                rt_device_control
 .text.rt_device_set_rx_indicate
                0x08020d78       0x54 ./rt-thread/src/device.o
                0x08020d78                rt_device_set_rx_indicate
 .text.rt_list_remove
                0x08020dcc       0x38 ./rt-thread/src/idle.o
 .text._has_defunct_thread
                0x08020e04       0x2c ./rt-thread/src/idle.o
 .text.rt_thread_idle_excute
                0x08020e30       0xc8 ./rt-thread/src/idle.o
                0x08020e30                rt_thread_idle_excute
 .text.rt_thread_idle_entry
                0x08020ef8       0x3c ./rt-thread/src/idle.o
 .text.rt_thread_idle_init
                0x08020f34       0x74 ./rt-thread/src/idle.o
                0x08020f34                rt_thread_idle_init
 .text.rt_list_init
                0x08020fa8       0x24 ./rt-thread/src/ipc.o
 .text.rt_list_insert_before
                0x08020fcc       0x34 ./rt-thread/src/ipc.o
 .text.rt_list_isempty
                0x08021000       0x24 ./rt-thread/src/ipc.o
 .text.rt_ipc_object_init
                0x08021024       0x1c ./rt-thread/src/ipc.o
 .text.rt_ipc_list_suspend
                0x08021040       0x90 ./rt-thread/src/ipc.o
 .text.rt_ipc_list_resume
                0x080210d0       0x20 ./rt-thread/src/ipc.o
 .text.rt_ipc_list_resume_all
                0x080210f0       0x48 ./rt-thread/src/ipc.o
 .text.rt_sem_init
                0x08021138       0x68 ./rt-thread/src/ipc.o
                0x08021138                rt_sem_init
 .text.rt_sem_detach
                0x080211a0       0x74 ./rt-thread/src/ipc.o
                0x080211a0                rt_sem_detach
 .text.rt_sem_create
                0x08021214       0x90 ./rt-thread/src/ipc.o
                0x08021214                rt_sem_create
 .text.rt_sem_delete
                0x080212a4       0xac ./rt-thread/src/ipc.o
                0x080212a4                rt_sem_delete
 .text.rt_sem_take
                0x08021350      0x160 ./rt-thread/src/ipc.o
                0x08021350                rt_sem_take
 .text.rt_sem_trytake
                0x080214b0       0x1c ./rt-thread/src/ipc.o
                0x080214b0                rt_sem_trytake
 .text.rt_sem_release
                0x080214cc       0xa0 ./rt-thread/src/ipc.o
                0x080214cc                rt_sem_release
 .text.rt_mutex_init
                0x0802156c       0x64 ./rt-thread/src/ipc.o
                0x0802156c                rt_mutex_init
 .text.rt_mutex_detach
                0x080215d0       0x7c ./rt-thread/src/ipc.o
                0x080215d0                rt_mutex_detach
 .text.rt_mutex_create
                0x0802164c       0x88 ./rt-thread/src/ipc.o
                0x0802164c                rt_mutex_create
 .text.rt_mutex_delete
                0x080216d4       0xac ./rt-thread/src/ipc.o
                0x080216d4                rt_mutex_delete
 .text.rt_mutex_take
                0x08021780      0x1d0 ./rt-thread/src/ipc.o
                0x08021780                rt_mutex_take
 .text.rt_mutex_release
                0x08021950      0x190 ./rt-thread/src/ipc.o
                0x08021950                rt_mutex_release
 .text.rt_mb_init
                0x08021ae0       0x78 ./rt-thread/src/ipc.o
                0x08021ae0                rt_mb_init
 .text.rt_mb_create
                0x08021b58       0xbc ./rt-thread/src/ipc.o
                0x08021b58                rt_mb_create
 .text.rt_mb_delete
                0x08021c14       0xc0 ./rt-thread/src/ipc.o
                0x08021c14                rt_mb_delete
 .text.rt_mb_send_wait
                0x08021cd4      0x208 ./rt-thread/src/ipc.o
                0x08021cd4                rt_mb_send_wait
 .text.rt_mb_send
                0x08021edc       0x20 ./rt-thread/src/ipc.o
                0x08021edc                rt_mb_send
 .text.rt_mb_recv
                0x08021efc      0x234 ./rt-thread/src/ipc.o
                0x08021efc                rt_mb_recv
 .text.rt_interrupt_enter
                0x08022130       0x40 ./rt-thread/src/irq.o
                0x08022130                rt_interrupt_enter
 .text.rt_interrupt_leave
                0x08022170       0x40 ./rt-thread/src/irq.o
                0x08022170                rt_interrupt_leave
 .text.rt_interrupt_get_nest
                0x080221b0       0x28 ./rt-thread/src/irq.o
                0x080221b0                rt_interrupt_get_nest
 .text.rt_set_errno
                0x080221d8       0x40 ./rt-thread/src/kservice.o
                0x080221d8                rt_set_errno
 .text._rt_errno
                0x08022218       0x34 ./rt-thread/src/kservice.o
                0x08022218                _rt_errno
 .text.rt_memset
                0x0802224c       0xb8 ./rt-thread/src/kservice.o
                0x0802224c                rt_memset
                0x0802224c                memset
 .text.rt_memcpy
                0x08022304       0xd4 ./rt-thread/src/kservice.o
                0x08022304                rt_memcpy
                0x08022304                memcpy
 .text.rt_memmove
                0x080223d8       0x84 ./rt-thread/src/kservice.o
                0x080223d8                rt_memmove
                0x080223d8                memmove
 .text.rt_memcmp
                0x0802245c       0x58 ./rt-thread/src/kservice.o
                0x0802245c                rt_memcmp
                0x0802245c                memcmp
 .text.rt_strstr
                0x080224b4       0x60 ./rt-thread/src/kservice.o
                0x080224b4                rt_strstr
                0x080224b4                strstr
 .text.rt_strncpy
                0x08022514       0x64 ./rt-thread/src/kservice.o
                0x08022514                rt_strncpy
 .text.rt_strncmp
                0x08022578       0x4c ./rt-thread/src/kservice.o
                0x08022578                rt_strncmp
 .text.rt_strcmp
                0x080225c4       0x44 ./rt-thread/src/kservice.o
                0x080225c4                rt_strcmp
 .text.rt_strlen
                0x08022608       0x30 ./rt-thread/src/kservice.o
                0x08022608                strlen
                0x08022608                rt_strlen
 .text.rt_strdup
                0x08022638       0x3c ./rt-thread/src/kservice.o
                0x08022638                rt_strdup
                0x08022638                strdup
 .text.rt_show_version
                0x08022674       0x44 ./rt-thread/src/kservice.o
                0x08022674                rt_show_version
 .text.divide   0x080226b8       0x68 ./rt-thread/src/kservice.o
 .text.skip_atoi
                0x08022720       0x40 ./rt-thread/src/kservice.o
 .text.print_number
                0x08022760      0x1dc ./rt-thread/src/kservice.o
 .text.rt_vsnprintf
                0x0802293c      0x548 ./rt-thread/src/kservice.o
                0x0802293c                rt_vsnprintf
 .text.rt_snprintf
                0x08022e84       0x30 ./rt-thread/src/kservice.o
                0x08022e84                rt_snprintf
                0x08022e84                snprintf
 .text.rt_vsprintf
                0x08022eb4       0x24 ./rt-thread/src/kservice.o
                0x08022eb4                rt_vsprintf
                0x08022eb4                vsprintf
 .text.rt_sprintf
                0x08022ed8       0x2c ./rt-thread/src/kservice.o
                0x08022ed8                sprintf
                0x08022ed8                rt_sprintf
 .text.rt_console_get_device
                0x08022f04       0x18 ./rt-thread/src/kservice.o
                0x08022f04                rt_console_get_device
 .text.rt_console_set_device
                0x08022f1c       0x4c ./rt-thread/src/kservice.o
                0x08022f1c                rt_console_set_device
 .text.rt_hw_console_output
                0x08022f68       0x14 ./rt-thread/src/kservice.o
                0x08022f68                rt_hw_console_output
 .text.rt_kprintf
                0x08022f7c       0x80 ./rt-thread/src/kservice.o
                0x08022f7c                rt_kprintf
 .text.rt_assert_handler
                0x08022ffc       0x4c ./rt-thread/src/kservice.o
                0x08022ffc                rt_assert_handler
 .text.plug_holes
                0x08023048      0x100 ./rt-thread/src/mem.o
 .text.rt_system_heap_init
                0x08023148      0x118 ./rt-thread/src/mem.o
                0x08023148                rt_system_heap_init
 .text.rt_malloc
                0x08023260      0x294 ./rt-thread/src/mem.o
                0x08023260                rt_malloc
 .text.rt_realloc
                0x080234f4      0x198 ./rt-thread/src/mem.o
                0x080234f4                rt_realloc
 .text.rt_calloc
                0x0802368c       0x3c ./rt-thread/src/mem.o
                0x0802368c                rt_calloc
 .text.rt_free  0x080236c8      0x188 ./rt-thread/src/mem.o
                0x080236c8                rt_free
 .text.list_mem
                0x08023850       0x44 ./rt-thread/src/mem.o
                0x08023850                list_mem
 .text.rt_list_insert_after
                0x08023894       0x34 ./rt-thread/src/object.o
 .text.rt_list_remove
                0x080238c8       0x38 ./rt-thread/src/object.o
 .text.rt_object_get_information
                0x08023900       0x48 ./rt-thread/src/object.o
                0x08023900                rt_object_get_information
 .text.rt_object_init
                0x08023948       0xc8 ./rt-thread/src/object.o
                0x08023948                rt_object_init
 .text.rt_object_detach
                0x08023a10       0x5c ./rt-thread/src/object.o
                0x08023a10                rt_object_detach
 .text.rt_object_allocate
                0x08023a6c       0xd8 ./rt-thread/src/object.o
                0x08023a6c                rt_object_allocate
 .text.rt_object_delete
                0x08023b44       0x7c ./rt-thread/src/object.o
                0x08023b44                rt_object_delete
 .text.rt_object_is_systemobject
                0x08023bc0       0x3c ./rt-thread/src/object.o
                0x08023bc0                rt_object_is_systemobject
 .text.rt_object_get_type
                0x08023bfc       0x34 ./rt-thread/src/object.o
                0x08023bfc                rt_object_get_type
 .text.rt_list_init
                0x08023c30       0x24 ./rt-thread/src/scheduler.o
 .text.rt_list_insert_before
                0x08023c54       0x34 ./rt-thread/src/scheduler.o
 .text.rt_list_remove
                0x08023c88       0x38 ./rt-thread/src/scheduler.o
 .text.rt_list_isempty
                0x08023cc0       0x24 ./rt-thread/src/scheduler.o
 .text._rt_scheduler_stack_check
                0x08023ce4       0x98 ./rt-thread/src/scheduler.o
 .text._get_highest_priority_thread
                0x08023d7c       0x38 ./rt-thread/src/scheduler.o
 .text.rt_system_scheduler_init
                0x08023db4       0x40 ./rt-thread/src/scheduler.o
                0x08023db4                rt_system_scheduler_init
 .text.rt_system_scheduler_start
                0x08023df4       0x38 ./rt-thread/src/scheduler.o
                0x08023df4                rt_system_scheduler_start
 .text.rt_schedule
                0x08023e2c      0x188 ./rt-thread/src/scheduler.o
                0x08023e2c                rt_schedule
 .text.rt_schedule_insert_thread
                0x08023fb4       0xac ./rt-thread/src/scheduler.o
                0x08023fb4                rt_schedule_insert_thread
 .text.rt_schedule_remove_thread
                0x08024060       0x70 ./rt-thread/src/scheduler.o
                0x08024060                rt_schedule_remove_thread
 .text.rt_enter_critical
                0x080240d0       0x2c ./rt-thread/src/scheduler.o
                0x080240d0                rt_enter_critical
 .text.rt_exit_critical
                0x080240fc       0x54 ./rt-thread/src/scheduler.o
                0x080240fc                rt_exit_critical
 .text.rt_list_init
                0x08024150       0x24 ./rt-thread/src/thread.o
 .text.rt_list_insert_after
                0x08024174       0x34 ./rt-thread/src/thread.o
 .text.rt_list_remove
                0x080241a8       0x38 ./rt-thread/src/thread.o
 .text.rt_thread_exit
                0x080241e0       0x68 ./rt-thread/src/thread.o
                0x080241e0                rt_thread_exit
 .text._rt_thread_init
                0x08024248       0xf8 ./rt-thread/src/thread.o
 .text.rt_thread_init
                0x08024340       0x6c ./rt-thread/src/thread.o
                0x08024340                rt_thread_init
 .text.rt_thread_self
                0x080243ac       0x18 ./rt-thread/src/thread.o
                0x080243ac                rt_thread_self
 .text.rt_thread_startup
                0x080243c4       0xa0 ./rt-thread/src/thread.o
                0x080243c4                rt_thread_startup
 .text.rt_thread_create
                0x08024464       0x64 ./rt-thread/src/thread.o
                0x08024464                rt_thread_create
 .text.rt_thread_delete
                0x080244c8       0xa8 ./rt-thread/src/thread.o
                0x080244c8                rt_thread_delete
 .text.rt_thread_yield
                0x08024570       0x10 ./rt-thread/src/thread.o
                0x08024570                rt_thread_yield
 .text.rt_thread_sleep
                0x08024580       0x8c ./rt-thread/src/thread.o
                0x08024580                rt_thread_sleep
 .text.rt_thread_delay
                0x0802460c       0x18 ./rt-thread/src/thread.o
                0x0802460c                rt_thread_delay
 .text.rt_thread_mdelay
                0x08024624       0x20 ./rt-thread/src/thread.o
                0x08024624                rt_thread_mdelay
 .text.rt_thread_control
                0x08024644       0xd4 ./rt-thread/src/thread.o
                0x08024644                rt_thread_control
 .text.rt_thread_suspend
                0x08024718       0xcc ./rt-thread/src/thread.o
                0x08024718                rt_thread_suspend
 .text.rt_thread_resume
                0x080247e4       0x98 ./rt-thread/src/thread.o
                0x080247e4                rt_thread_resume
 .text.rt_thread_timeout
                0x0802487c       0x84 ./rt-thread/src/thread.o
                0x0802487c                rt_thread_timeout
 .text.rt_thread_find
                0x08024900       0x94 ./rt-thread/src/thread.o
                0x08024900                rt_thread_find
 .text.rt_list_init
                0x08024994       0x24 ./rt-thread/src/timer.o
 .text.rt_list_insert_after
                0x080249b8       0x34 ./rt-thread/src/timer.o
 .text.rt_list_remove
                0x080249ec       0x38 ./rt-thread/src/timer.o
 .text.rt_list_isempty
                0x08024a24       0x24 ./rt-thread/src/timer.o
 .text._rt_timer_init
                0x08024a48       0x68 ./rt-thread/src/timer.o
 .text.rt_timer_list_next_timeout
                0x08024ab0       0x30 ./rt-thread/src/timer.o
 .text._rt_timer_remove
                0x08024ae0       0x34 ./rt-thread/src/timer.o
 .text.rt_timer_init
                0x08024b14       0x48 ./rt-thread/src/timer.o
                0x08024b14                rt_timer_init
 .text.rt_timer_detach
                0x08024b5c       0x7c ./rt-thread/src/timer.o
                0x08024b5c                rt_timer_detach
 .text.rt_timer_create
                0x08024bd8       0x40 ./rt-thread/src/timer.o
                0x08024bd8                rt_timer_create
 .text.rt_timer_start
                0x08024c18      0x23c ./rt-thread/src/timer.o
                0x08024c18                rt_timer_start
 .text.rt_timer_stop
                0x08024e54       0x94 ./rt-thread/src/timer.o
                0x08024e54                rt_timer_stop
 .text.rt_timer_control
                0x08024ee8       0xa0 ./rt-thread/src/timer.o
                0x08024ee8                rt_timer_control
 .text.rt_timer_check
                0x08024f88       0xcc ./rt-thread/src/timer.o
                0x08024f88                rt_timer_check
 .text.rt_soft_timer_check
                0x08025054       0xd8 ./rt-thread/src/timer.o
                0x08025054                rt_soft_timer_check
 .text.rt_thread_timer_entry
                0x0802512c       0x58 ./rt-thread/src/timer.o
 .text.rt_system_timer_init
                0x08025184       0x34 ./rt-thread/src/timer.o
                0x08025184                rt_system_timer_init
 .text.rt_system_timer_thread_init
                0x080251b8       0x68 ./rt-thread/src/timer.o
                0x080251b8                rt_system_timer_thread_init
 .text.rt_hw_stack_init
                0x08025220       0x90 ./rt-thread/libcpu/arm/cortex-m4/cpuport.o
                0x08025220                rt_hw_stack_init
 .text.usage_fault_track
                0x080252b0       0xc4 ./rt-thread/libcpu/arm/cortex-m4/cpuport.o
 .text.bus_fault_track
                0x08025374       0xcc ./rt-thread/libcpu/arm/cortex-m4/cpuport.o
 .text.mem_manage_fault_track
                0x08025440       0xb4 ./rt-thread/libcpu/arm/cortex-m4/cpuport.o
 .text.hard_fault_track
                0x080254f4       0x78 ./rt-thread/libcpu/arm/cortex-m4/cpuport.o
 .text.rt_hw_hard_fault_exception
                0x0802556c      0x184 ./rt-thread/libcpu/arm/cortex-m4/cpuport.o
                0x0802556c                rt_hw_hard_fault_exception
 .text.rt_hw_cpu_reset
                0x080256f0       0x1c ./rt-thread/libcpu/arm/cortex-m4/cpuport.o
                0x080256f0                rt_hw_cpu_reset
 .text.__rt_ffs
                0x0802570c       0x2c ./rt-thread/libcpu/arm/cortex-m4/cpuport.o
                0x0802570c                __rt_ffs
 .text.rt_slist_init
                0x08025738       0x1c ./rt-thread/components/net/netdev/src/netdev.o
 .text.rt_slist_append
                0x08025754       0x38 ./rt-thread/components/net/netdev/src/netdev.o
 .text.rt_slist_next
                0x0802578c       0x18 ./rt-thread/components/net/netdev/src/netdev.o
 .text.netdev_register
                0x080257a4       0xfc ./rt-thread/components/net/netdev/src/netdev.o
                0x080257a4                netdev_register
 .text.netdev_get_first_by_flags
                0x080258a0       0x70 ./rt-thread/components/net/netdev/src/netdev.o
                0x080258a0                netdev_get_first_by_flags
 .text.netdev_get_by_name
                0x08025910       0x80 ./rt-thread/components/net/netdev/src/netdev.o
                0x08025910                netdev_get_by_name
 .text.netdev_set_default
                0x08025990       0x34 ./rt-thread/components/net/netdev/src/netdev.o
                0x08025990                netdev_set_default
 .text.netdev_set_ipaddr
                0x080259c4       0xc0 ./rt-thread/components/net/netdev/src/netdev.o
                0x080259c4                netdev_set_ipaddr
 .text.netdev_set_netmask
                0x08025a84       0xc0 ./rt-thread/components/net/netdev/src/netdev.o
                0x08025a84                netdev_set_netmask
 .text.netdev_set_gw
                0x08025b44       0xc0 ./rt-thread/components/net/netdev/src/netdev.o
                0x08025b44                netdev_set_gw
 .text.netdev_set_dns_server
                0x08025c04       0xbc ./rt-thread/components/net/netdev/src/netdev.o
                0x08025c04                netdev_set_dns_server
 .text.netdev_low_level_set_ipaddr
                0x08025cc0       0x58 ./rt-thread/components/net/netdev/src/netdev.o
                0x08025cc0                netdev_low_level_set_ipaddr
 .text.netdev_low_level_set_netmask
                0x08025d18       0x58 ./rt-thread/components/net/netdev/src/netdev.o
                0x08025d18                netdev_low_level_set_netmask
 .text.netdev_low_level_set_gw
                0x08025d70       0x58 ./rt-thread/components/net/netdev/src/netdev.o
                0x08025d70                netdev_low_level_set_gw
 .text.netdev_low_level_set_dns_server
                0x08025dc8       0x88 ./rt-thread/components/net/netdev/src/netdev.o
                0x08025dc8                netdev_low_level_set_dns_server
 .text.netdev_auto_change_default
                0x08025e50       0x40 ./rt-thread/components/net/netdev/src/netdev.o
 .text.netdev_low_level_set_status
                0x08025e90       0x70 ./rt-thread/components/net/netdev/src/netdev.o
                0x08025e90                netdev_low_level_set_status
 .text.netdev_low_level_set_link_status
                0x08025f00       0x88 ./rt-thread/components/net/netdev/src/netdev.o
                0x08025f00                netdev_low_level_set_link_status
 .text.netdev_low_level_set_dhcp_status
                0x08025f88       0x74 ./rt-thread/components/net/netdev/src/netdev.o
                0x08025f88                netdev_low_level_set_dhcp_status
 .text.netdev_list_if
                0x08025ffc      0x2a4 ./rt-thread/components/net/netdev/src/netdev.o
 .text.netdev_set_if
                0x080262a0       0xa0 ./rt-thread/components/net/netdev/src/netdev.o
 .text.netdev_ifconfig
                0x08026340       0x98 ./rt-thread/components/net/netdev/src/netdev.o
                0x08026340                netdev_ifconfig
 .text.netdev_cmd_ping
                0x080263d8      0x21c ./rt-thread/components/net/netdev/src/netdev.o
                0x080263d8                netdev_cmd_ping
 .text.netdev_ping
                0x080265f4       0x38 ./rt-thread/components/net/netdev/src/netdev.o
                0x080265f4                netdev_ping
 .text.netdev_list_dns
                0x0802662c       0xb0 ./rt-thread/components/net/netdev/src/netdev.o
 .text.netdev_set_dns
                0x080266dc       0x64 ./rt-thread/components/net/netdev/src/netdev.o
 .text.netdev_dns
                0x08026740       0x78 ./rt-thread/components/net/netdev/src/netdev.o
                0x08026740                netdev_dns
 .text.netdev_cmd_netstat
                0x080267b8       0x84 ./rt-thread/components/net/netdev/src/netdev.o
 .text.netdev_netstat
                0x0802683c       0x2c ./rt-thread/components/net/netdev/src/netdev.o
                0x0802683c                netdev_netstat
 .text.netdev_ip4addr_aton
                0x08026868      0x28c ./rt-thread/components/net/netdev/src/netdev_ipaddr.o
                0x08026868                netdev_ip4addr_aton
 .text.netdev_ip4addr_ntoa_r
                0x08026af4      0x104 ./rt-thread/components/net/netdev/src/netdev_ipaddr.o
                0x08026af4                netdev_ip4addr_ntoa_r
 .text.netdev_ip4addr_ntoa
                0x08026bf8       0x20 ./rt-thread/components/net/netdev/src/netdev_ipaddr.o
                0x08026bf8                netdev_ip4addr_ntoa
 .text.ethernet_input
                0x08026c18      0x124 ./rt-thread/components/net/lwip-2.0.2/src/netif/ethernet.o
                0x08026c18                ethernet_input
 .text.ethernet_output
                0x08026d3c       0x8c ./rt-thread/components/net/lwip-2.0.2/src/netif/ethernet.o
                0x08026d3c                ethernet_output
 .text.lwip_netdev_set_up
                0x08026dc8       0x1c ./rt-thread/components/net/lwip-2.0.2/src/netif/ethernetif.o
 .text.lwip_netdev_set_down
                0x08026de4       0x1c ./rt-thread/components/net/lwip-2.0.2/src/netif/ethernetif.o
 .text.lwip_netdev_set_addr_info
                0x08026e00       0x70 ./rt-thread/components/net/lwip-2.0.2/src/netif/ethernetif.o
 .text.lwip_netdev_set_dns_server
                0x08026e70       0x24 ./rt-thread/components/net/lwip-2.0.2/src/netif/ethernetif.o
 .text.lwip_netdev_set_dhcp
                0x08026e94       0x1c ./rt-thread/components/net/lwip-2.0.2/src/netif/ethernetif.o
 .text.lwip_netdev_ping
                0x08026eb0      0x1b8 ./rt-thread/components/net/lwip-2.0.2/src/netif/ethernetif.o
                0x08026eb0                lwip_netdev_ping
 .text.lwip_netdev_netstat
                0x08027068       0x18 ./rt-thread/components/net/lwip-2.0.2/src/netif/ethernetif.o
                0x08027068                lwip_netdev_netstat
 .text.lwip_netdev_set_default
                0x08027080       0x1c ./rt-thread/components/net/lwip-2.0.2/src/netif/ethernetif.o
 .text.netdev_add
                0x0802709c       0xdc ./rt-thread/components/net/lwip-2.0.2/src/netif/ethernetif.o
 .text.netdev_flags_sync
                0x08027178       0x5c ./rt-thread/components/net/lwip-2.0.2/src/netif/ethernetif.o
 .text.ethernetif_linkoutput
                0x080271d4       0x60 ./rt-thread/components/net/lwip-2.0.2/src/netif/ethernetif.o
 .text.eth_netif_device_init
                0x08027234       0x90 ./rt-thread/components/net/lwip-2.0.2/src/netif/ethernetif.o
 .text.eth_device_init_with_flag
                0x080272c4      0x108 ./rt-thread/components/net/lwip-2.0.2/src/netif/ethernetif.o
                0x080272c4                eth_device_init_with_flag
 .text.eth_device_init
                0x080273cc       0x2c ./rt-thread/components/net/lwip-2.0.2/src/netif/ethernetif.o
                0x080273cc                eth_device_init
 .text.eth_device_ready
                0x080273f8       0x2c ./rt-thread/components/net/lwip-2.0.2/src/netif/ethernetif.o
                0x080273f8                eth_device_ready
 .text.eth_device_linkchange
                0x08027424       0x6c ./rt-thread/components/net/lwip-2.0.2/src/netif/ethernetif.o
                0x08027424                eth_device_linkchange
 .text.eth_tx_thread_entry
                0x08027490       0x80 ./rt-thread/components/net/lwip-2.0.2/src/netif/ethernetif.o
 .text.eth_rx_thread_entry
                0x08027510       0xd8 ./rt-thread/components/net/lwip-2.0.2/src/netif/ethernetif.o
 .text.eth_system_device_init_private
                0x080275e8      0x134 ./rt-thread/components/net/lwip-2.0.2/src/netif/ethernetif.o
                0x080275e8                eth_system_device_init_private
 .text.set_if   0x0802771c       0xd4 ./rt-thread/components/net/lwip-2.0.2/src/netif/ethernetif.o
                0x0802771c                set_if
 .text.set_dns  0x080277f0       0x3c ./rt-thread/components/net/lwip-2.0.2/src/netif/ethernetif.o
                0x080277f0                set_dns
 .text.list_if  0x0802782c      0x1d4 ./rt-thread/components/net/lwip-2.0.2/src/netif/ethernetif.o
                0x0802782c                list_if
 .text.list_tcps
                0x08027a00      0x1a0 ./rt-thread/components/net/lwip-2.0.2/src/netif/ethernetif.o
                0x08027a00                list_tcps
 .text.list_udps
                0x08027ba0       0x9c ./rt-thread/components/net/lwip-2.0.2/src/netif/ethernetif.o
                0x08027ba0                list_udps
 .text.dhcp_inc_pcb_refcount
                0x08027c3c       0xa0 ./rt-thread/components/net/lwip-2.0.2/src/core/ipv4/dhcp.o
 .text.dhcp_dec_pcb_refcount
                0x08027cdc       0x54 ./rt-thread/components/net/lwip-2.0.2/src/core/ipv4/dhcp.o
 .text.dhcp_handle_nak
                0x08027d30       0x34 ./rt-thread/components/net/lwip-2.0.2/src/core/ipv4/dhcp.o
 .text.dhcp_check
                0x08027d64       0x68 ./rt-thread/components/net/lwip-2.0.2/src/core/ipv4/dhcp.o
 .text.dhcp_handle_offer
                0x08027dcc       0x48 ./rt-thread/components/net/lwip-2.0.2/src/core/ipv4/dhcp.o
 .text.dhcp_select
                0x08027e14      0x14c ./rt-thread/components/net/lwip-2.0.2/src/core/ipv4/dhcp.o
 .text.dhcp_coarse_tmr
                0x08027f60       0xa8 ./rt-thread/components/net/lwip-2.0.2/src/core/ipv4/dhcp.o
                0x08027f60                dhcp_coarse_tmr
 .text.dhcp_fine_tmr
                0x08028008       0x64 ./rt-thread/components/net/lwip-2.0.2/src/core/ipv4/dhcp.o
                0x08028008                dhcp_fine_tmr
 .text.dhcp_timeout
                0x0802806c       0x94 ./rt-thread/components/net/lwip-2.0.2/src/core/ipv4/dhcp.o
 .text.dhcp_t1_timeout
                0x08028100       0x5c ./rt-thread/components/net/lwip-2.0.2/src/core/ipv4/dhcp.o
 .text.dhcp_t2_timeout
                0x0802815c       0x64 ./rt-thread/components/net/lwip-2.0.2/src/core/ipv4/dhcp.o
 .text.dhcp_handle_ack
                0x080281c0      0x100 ./rt-thread/components/net/lwip-2.0.2/src/core/ipv4/dhcp.o
 .text.dhcp_start
                0x080282c0      0x11c ./rt-thread/components/net/lwip-2.0.2/src/core/ipv4/dhcp.o
                0x080282c0                dhcp_start
 .text.dhcp_network_changed
                0x080283dc       0x7c ./rt-thread/components/net/lwip-2.0.2/src/core/ipv4/dhcp.o
                0x080283dc                dhcp_network_changed
 .text.dhcp_arp_reply
                0x08028458       0x58 ./rt-thread/components/net/lwip-2.0.2/src/core/ipv4/dhcp.o
                0x08028458                dhcp_arp_reply
 .text.dhcp_decline
                0x080284b0       0xd4 ./rt-thread/components/net/lwip-2.0.2/src/core/ipv4/dhcp.o
 .text.dhcp_discover
                0x08028584      0x118 ./rt-thread/components/net/lwip-2.0.2/src/core/ipv4/dhcp.o
 .text.dhcp_bind
                0x0802869c      0x1b4 ./rt-thread/components/net/lwip-2.0.2/src/core/ipv4/dhcp.o
 .text.dhcp_renew
                0x08028850      0x10c ./rt-thread/components/net/lwip-2.0.2/src/core/ipv4/dhcp.o
                0x08028850                dhcp_renew
 .text.dhcp_rebind
                0x0802895c      0x10c ./rt-thread/components/net/lwip-2.0.2/src/core/ipv4/dhcp.o
 .text.dhcp_reboot
                0x08028a68      0x128 ./rt-thread/components/net/lwip-2.0.2/src/core/ipv4/dhcp.o
 .text.dhcp_release
                0x08028b90      0x110 ./rt-thread/components/net/lwip-2.0.2/src/core/ipv4/dhcp.o
                0x08028b90                dhcp_release
 .text.dhcp_stop
                0x08028ca0       0x70 ./rt-thread/components/net/lwip-2.0.2/src/core/ipv4/dhcp.o
                0x08028ca0                dhcp_stop
 .text.dhcp_set_state
                0x08028d10       0x34 ./rt-thread/components/net/lwip-2.0.2/src/core/ipv4/dhcp.o
 .text.dhcp_option
                0x08028d44       0x70 ./rt-thread/components/net/lwip-2.0.2/src/core/ipv4/dhcp.o
 .text.dhcp_option_byte
                0x08028db4       0x4c ./rt-thread/components/net/lwip-2.0.2/src/core/ipv4/dhcp.o
 .text.dhcp_option_short
                0x08028e00       0x74 ./rt-thread/components/net/lwip-2.0.2/src/core/ipv4/dhcp.o
 .text.dhcp_option_long
                0x08028e74       0xb0 ./rt-thread/components/net/lwip-2.0.2/src/core/ipv4/dhcp.o
 .text.dhcp_parse_reply
                0x08028f24      0x590 ./rt-thread/components/net/lwip-2.0.2/src/core/ipv4/dhcp.o
 .text.dhcp_recv
                0x080294b4      0x1c0 ./rt-thread/components/net/lwip-2.0.2/src/core/ipv4/dhcp.o
 .text.dhcp_create_msg
                0x08029674      0x2c0 ./rt-thread/components/net/lwip-2.0.2/src/core/ipv4/dhcp.o
 .text.dhcp_delete_msg
                0x08029934       0x84 ./rt-thread/components/net/lwip-2.0.2/src/core/ipv4/dhcp.o
 .text.dhcp_option_trailer
                0x080299b8       0xb4 ./rt-thread/components/net/lwip-2.0.2/src/core/ipv4/dhcp.o
 .text.dhcp_supplied_address
                0x08029a6c       0x44 ./rt-thread/components/net/lwip-2.0.2/src/core/ipv4/dhcp.o
                0x08029a6c                dhcp_supplied_address
 .text.free_etharp_q
                0x08029ab0       0x84 ./rt-thread/components/net/lwip-2.0.2/src/core/ipv4/etharp.o
 .text.etharp_free_entry
                0x08029b34       0x64 ./rt-thread/components/net/lwip-2.0.2/src/core/ipv4/etharp.o
 .text.etharp_tmr
                0x08029b98      0x150 ./rt-thread/components/net/lwip-2.0.2/src/core/ipv4/etharp.o
                0x08029b98                etharp_tmr
 .text.etharp_find_entry
                0x08029ce8      0x298 ./rt-thread/components/net/lwip-2.0.2/src/core/ipv4/etharp.o
 .text.etharp_update_arp_entry
                0x08029f80      0x15c ./rt-thread/components/net/lwip-2.0.2/src/core/ipv4/etharp.o
 .text.etharp_cleanup_netif
                0x0802a0dc       0x60 ./rt-thread/components/net/lwip-2.0.2/src/core/ipv4/etharp.o
                0x0802a0dc                etharp_cleanup_netif
 .text.etharp_input
                0x0802a13c      0x130 ./rt-thread/components/net/lwip-2.0.2/src/core/ipv4/etharp.o
                0x0802a13c                etharp_input
 .text.etharp_output_to_arp_index
                0x0802a26c      0x134 ./rt-thread/components/net/lwip-2.0.2/src/core/ipv4/etharp.o
 .text.etharp_output
                0x0802a3a0      0x1e0 ./rt-thread/components/net/lwip-2.0.2/src/core/ipv4/etharp.o
                0x0802a3a0                etharp_output
 .text.etharp_query
                0x0802a580      0x33c ./rt-thread/components/net/lwip-2.0.2/src/core/ipv4/etharp.o
                0x0802a580                etharp_query
 .text.etharp_raw
                0x0802a8bc      0x120 ./rt-thread/components/net/lwip-2.0.2/src/core/ipv4/etharp.o
 .text.etharp_request_dst
                0x0802a9dc       0x44 ./rt-thread/components/net/lwip-2.0.2/src/core/ipv4/etharp.o
 .text.etharp_request
                0x0802aa20       0x24 ./rt-thread/components/net/lwip-2.0.2/src/core/ipv4/etharp.o
                0x0802aa20                etharp_request
 .text.icmp_input
                0x0802aa44      0x254 ./rt-thread/components/net/lwip-2.0.2/src/core/ipv4/icmp.o
                0x0802aa44                icmp_input
 .text.icmp_dest_unreach
                0x0802ac98       0x20 ./rt-thread/components/net/lwip-2.0.2/src/core/ipv4/icmp.o
                0x0802ac98                icmp_dest_unreach
 .text.icmp_send_response
                0x0802acb8       0xe4 ./rt-thread/components/net/lwip-2.0.2/src/core/ipv4/icmp.o
 .text.igmp_init
                0x0802ad9c       0x2c ./rt-thread/components/net/lwip-2.0.2/src/core/ipv4/igmp.o
                0x0802ad9c                igmp_init
 .text.igmp_start
                0x0802adc8       0x54 ./rt-thread/components/net/lwip-2.0.2/src/core/ipv4/igmp.o
                0x0802adc8                igmp_start
 .text.igmp_report_groups
                0x0802ae1c       0x38 ./rt-thread/components/net/lwip-2.0.2/src/core/ipv4/igmp.o
                0x0802ae1c                igmp_report_groups
 .text.igmp_lookfor_group
                0x0802ae54       0x3c ./rt-thread/components/net/lwip-2.0.2/src/core/ipv4/igmp.o
                0x0802ae54                igmp_lookfor_group
 .text.igmp_lookup_group
                0x0802ae90       0xd8 ./rt-thread/components/net/lwip-2.0.2/src/core/ipv4/igmp.o
 .text.igmp_remove_group
                0x0802af68       0x50 ./rt-thread/components/net/lwip-2.0.2/src/core/ipv4/igmp.o
 .text.igmp_input
                0x0802afb8      0x134 ./rt-thread/components/net/lwip-2.0.2/src/core/ipv4/igmp.o
                0x0802afb8                igmp_input
 .text.igmp_joingroup
                0x0802b0ec       0xcc ./rt-thread/components/net/lwip-2.0.2/src/core/ipv4/igmp.o
                0x0802b0ec                igmp_joingroup
 .text.igmp_joingroup_netif
                0x0802b1b8       0xf0 ./rt-thread/components/net/lwip-2.0.2/src/core/ipv4/igmp.o
                0x0802b1b8                igmp_joingroup_netif
 .text.igmp_leavegroup
                0x0802b2a8       0xc8 ./rt-thread/components/net/lwip-2.0.2/src/core/ipv4/igmp.o
                0x0802b2a8                igmp_leavegroup
 .text.igmp_leavegroup_netif
                0x0802b370       0xf4 ./rt-thread/components/net/lwip-2.0.2/src/core/ipv4/igmp.o
                0x0802b370                igmp_leavegroup_netif
 .text.igmp_tmr
                0x0802b464       0x60 ./rt-thread/components/net/lwip-2.0.2/src/core/ipv4/igmp.o
                0x0802b464                igmp_tmr
 .text.igmp_timeout
                0x0802b4c4       0x3c ./rt-thread/components/net/lwip-2.0.2/src/core/ipv4/igmp.o
 .text.igmp_start_timer
                0x0802b500       0x44 ./rt-thread/components/net/lwip-2.0.2/src/core/ipv4/igmp.o
 .text.igmp_delaying_member
                0x0802b544       0x48 ./rt-thread/components/net/lwip-2.0.2/src/core/ipv4/igmp.o
 .text.igmp_ip_output_if
                0x0802b58c       0x44 ./rt-thread/components/net/lwip-2.0.2/src/core/ipv4/igmp.o
 .text.igmp_send
                0x0802b5d0       0xe4 ./rt-thread/components/net/lwip-2.0.2/src/core/ipv4/igmp.o
 .text.ip4_route
                0x0802b6b4       0xec ./rt-thread/components/net/lwip-2.0.2/src/core/ipv4/ip4.o
                0x0802b6b4                ip4_route
 .text.ip4_input
                0x0802b7a0      0x344 ./rt-thread/components/net/lwip-2.0.2/src/core/ipv4/ip4.o
                0x0802b7a0                ip4_input
 .text.ip4_output_if
                0x0802bae4       0x3c ./rt-thread/components/net/lwip-2.0.2/src/core/ipv4/ip4.o
                0x0802bae4                ip4_output_if
 .text.ip4_output_if_opt
                0x0802bb20       0x5c ./rt-thread/components/net/lwip-2.0.2/src/core/ipv4/ip4.o
                0x0802bb20                ip4_output_if_opt
 .text.ip4_output_if_src
                0x0802bb7c       0x3c ./rt-thread/components/net/lwip-2.0.2/src/core/ipv4/ip4.o
                0x0802bb7c                ip4_output_if_src
 .text.ip4_output_if_opt_src
                0x0802bbb8      0x280 ./rt-thread/components/net/lwip-2.0.2/src/core/ipv4/ip4.o
                0x0802bbb8                ip4_output_if_opt_src
 .text.ip4_addr_isbroadcast_u32
                0x0802be38       0x84 ./rt-thread/components/net/lwip-2.0.2/src/core/ipv4/ip4_addr.o
                0x0802be38                ip4_addr_isbroadcast_u32
 .text.ip4addr_aton
                0x0802bebc      0x27c ./rt-thread/components/net/lwip-2.0.2/src/core/ipv4/ip4_addr.o
                0x0802bebc                ip4addr_aton
 .text.ip4addr_ntoa
                0x0802c138       0x20 ./rt-thread/components/net/lwip-2.0.2/src/core/ipv4/ip4_addr.o
                0x0802c138                ip4addr_ntoa
 .text.ip4addr_ntoa_r
                0x0802c158      0x104 ./rt-thread/components/net/lwip-2.0.2/src/core/ipv4/ip4_addr.o
                0x0802c158                ip4addr_ntoa_r
 .text.lwip_htons
                0x0802c25c       0x1c ./rt-thread/components/net/lwip-2.0.2/src/core/def.o
                0x0802c25c                lwip_htons
 .text.lwip_htonl
                0x0802c278       0x34 ./rt-thread/components/net/lwip-2.0.2/src/core/def.o
                0x0802c278                lwip_htonl
 .text.lwip_strnicmp
                0x0802c2ac       0x74 ./rt-thread/components/net/lwip-2.0.2/src/core/def.o
                0x0802c2ac                lwip_strnicmp
 .text.dns_init
                0x0802c320       0x10 ./rt-thread/components/net/lwip-2.0.2/src/core/dns.o
                0x0802c320                dns_init
 .text.dns_setserver
                0x0802c330       0x74 ./rt-thread/components/net/lwip-2.0.2/src/core/dns.o
                0x0802c330                dns_setserver
 .text.dns_getserver
                0x0802c3a4       0x30 ./rt-thread/components/net/lwip-2.0.2/src/core/dns.o
                0x0802c3a4                dns_getserver
 .text.dns_tmr  0x0802c3d4        0xc ./rt-thread/components/net/lwip-2.0.2/src/core/dns.o
                0x0802c3d4                dns_tmr
 .text.dns_lookup
                0x0802c3e0       0x84 ./rt-thread/components/net/lwip-2.0.2/src/core/dns.o
 .text.dns_compare_name
                0x0802c464       0xb4 ./rt-thread/components/net/lwip-2.0.2/src/core/dns.o
 .text.dns_skip_name
                0x0802c518       0x84 ./rt-thread/components/net/lwip-2.0.2/src/core/dns.o
 .text.dns_send
                0x0802c59c      0x1bc ./rt-thread/components/net/lwip-2.0.2/src/core/dns.o
 .text.dns_alloc_random_port
                0x0802c758       0x78 ./rt-thread/components/net/lwip-2.0.2/src/core/dns.o
 .text.dns_alloc_pcb
                0x0802c7d0       0xa4 ./rt-thread/components/net/lwip-2.0.2/src/core/dns.o
 .text.dns_call_found
                0x0802c874      0x180 ./rt-thread/components/net/lwip-2.0.2/src/core/dns.o
 .text.dns_create_txid
                0x0802c9f4       0x60 ./rt-thread/components/net/lwip-2.0.2/src/core/dns.o
 .text.dns_check_entry
                0x0802ca54      0x160 ./rt-thread/components/net/lwip-2.0.2/src/core/dns.o
 .text.dns_check_entries
                0x0802cbb4       0x28 ./rt-thread/components/net/lwip-2.0.2/src/core/dns.o
 .text.dns_correct_response
                0x0802cbdc       0x6c ./rt-thread/components/net/lwip-2.0.2/src/core/dns.o
 .text.dns_recv
                0x0802cc48      0x254 ./rt-thread/components/net/lwip-2.0.2/src/core/dns.o
 .text.dns_enqueue
                0x0802ce9c      0x26c ./rt-thread/components/net/lwip-2.0.2/src/core/dns.o
 .text.dns_gethostbyname_addrtype
                0x0802d108       0x88 ./rt-thread/components/net/lwip-2.0.2/src/core/dns.o
                0x0802d108                dns_gethostbyname_addrtype
 .text.lwip_standard_chksum
                0x0802d190       0xbc ./rt-thread/components/net/lwip-2.0.2/src/core/inet_chksum.o
                0x0802d190                lwip_standard_chksum
 .text.inet_cksum_pseudo_base
                0x0802d24c       0xd8 ./rt-thread/components/net/lwip-2.0.2/src/core/inet_chksum.o
 .text.inet_chksum_pseudo
                0x0802d324       0x70 ./rt-thread/components/net/lwip-2.0.2/src/core/inet_chksum.o
                0x0802d324                inet_chksum_pseudo
 .text.ip_chksum_pseudo
                0x0802d394       0x2c ./rt-thread/components/net/lwip-2.0.2/src/core/inet_chksum.o
                0x0802d394                ip_chksum_pseudo
 .text.inet_chksum
                0x0802d3c0       0x24 ./rt-thread/components/net/lwip-2.0.2/src/core/inet_chksum.o
                0x0802d3c0                inet_chksum
 .text.inet_chksum_pbuf
                0x0802d3e4       0x94 ./rt-thread/components/net/lwip-2.0.2/src/core/inet_chksum.o
                0x0802d3e4                inet_chksum_pbuf
 .text.lwip_init
                0x0802d478       0x34 ./rt-thread/components/net/lwip-2.0.2/src/core/init.o
                0x0802d478                lwip_init
 .text.memp_overflow_check_element_overflow
                0x0802d4ac       0x98 ./rt-thread/components/net/lwip-2.0.2/src/core/memp.o
 .text.memp_overflow_check_element_underflow
                0x0802d544       0x90 ./rt-thread/components/net/lwip-2.0.2/src/core/memp.o
 .text.memp_overflow_init_element
                0x0802d5d4       0x38 ./rt-thread/components/net/lwip-2.0.2/src/core/memp.o
 .text.memp_init_pool
                0x0802d60c       0x64 ./rt-thread/components/net/lwip-2.0.2/src/core/memp.o
                0x0802d60c                memp_init_pool
 .text.memp_init
                0x0802d670       0x34 ./rt-thread/components/net/lwip-2.0.2/src/core/memp.o
                0x0802d670                memp_init
 .text.do_memp_malloc_pool_fn
                0x0802d6a4       0x84 ./rt-thread/components/net/lwip-2.0.2/src/core/memp.o
 .text.memp_malloc_fn
                0x0802d728       0x54 ./rt-thread/components/net/lwip-2.0.2/src/core/memp.o
                0x0802d728                memp_malloc_fn
 .text.do_memp_free_pool
                0x0802d77c       0x64 ./rt-thread/components/net/lwip-2.0.2/src/core/memp.o
 .text.memp_free
                0x0802d7e0       0x50 ./rt-thread/components/net/lwip-2.0.2/src/core/memp.o
                0x0802d7e0                memp_free
 .text.netif_init
                0x0802d830       0x10 ./rt-thread/components/net/lwip-2.0.2/src/core/netif.o
                0x0802d830                netif_init
 .text.netif_add
                0x0802d840       0xdc ./rt-thread/components/net/lwip-2.0.2/src/core/netif.o
                0x0802d840                netif_add
 .text.netif_set_addr
                0x0802d91c       0x58 ./rt-thread/components/net/lwip-2.0.2/src/core/netif.o
                0x0802d91c                netif_set_addr
 .text.netif_set_ipaddr
                0x0802d974       0xa8 ./rt-thread/components/net/lwip-2.0.2/src/core/netif.o
                0x0802d974                netif_set_ipaddr
 .text.netif_set_gw
                0x0802da1c       0x3c ./rt-thread/components/net/lwip-2.0.2/src/core/netif.o
                0x0802da1c                netif_set_gw
 .text.netif_set_netmask
                0x0802da58       0x3c ./rt-thread/components/net/lwip-2.0.2/src/core/netif.o
                0x0802da58                netif_set_netmask
 .text.netif_set_default
                0x0802da94       0x20 ./rt-thread/components/net/lwip-2.0.2/src/core/netif.o
                0x0802da94                netif_set_default
 .text.netif_set_up
                0x0802dab4       0x6c ./rt-thread/components/net/lwip-2.0.2/src/core/netif.o
                0x0802dab4                netif_set_up
 .text.netif_issue_reports
                0x0802db20       0x58 ./rt-thread/components/net/lwip-2.0.2/src/core/netif.o
 .text.netif_set_down
                0x0802db78       0x68 ./rt-thread/components/net/lwip-2.0.2/src/core/netif.o
                0x0802db78                netif_set_down
 .text.netif_set_link_up
                0x0802dbe0       0x70 ./rt-thread/components/net/lwip-2.0.2/src/core/netif.o
                0x0802dbe0                netif_set_link_up
 .text.netif_set_link_down
                0x0802dc50       0x54 ./rt-thread/components/net/lwip-2.0.2/src/core/netif.o
                0x0802dc50                netif_set_link_down
 .text.pbuf_free_ooseq
                0x0802dca4       0x50 ./rt-thread/components/net/lwip-2.0.2/src/core/pbuf.o
 .text.pbuf_free_ooseq_callback
                0x0802dcf4       0x14 ./rt-thread/components/net/lwip-2.0.2/src/core/pbuf.o
 .text.pbuf_pool_is_empty
                0x0802dd08       0x50 ./rt-thread/components/net/lwip-2.0.2/src/core/pbuf.o
 .text.pbuf_alloc
                0x0802dd58      0x348 ./rt-thread/components/net/lwip-2.0.2/src/core/pbuf.o
                0x0802dd58                pbuf_alloc
 .text.pbuf_realloc
                0x0802e0a0      0x158 ./rt-thread/components/net/lwip-2.0.2/src/core/pbuf.o
                0x0802e0a0                pbuf_realloc
 .text.pbuf_header_impl
                0x0802e1f8      0x148 ./rt-thread/components/net/lwip-2.0.2/src/core/pbuf.o
 .text.pbuf_header
                0x0802e340       0x24 ./rt-thread/components/net/lwip-2.0.2/src/core/pbuf.o
                0x0802e340                pbuf_header
 .text.pbuf_header_force
                0x0802e364       0x24 ./rt-thread/components/net/lwip-2.0.2/src/core/pbuf.o
                0x0802e364                pbuf_header_force
 .text.pbuf_free
                0x0802e388      0x100 ./rt-thread/components/net/lwip-2.0.2/src/core/pbuf.o
                0x0802e388                pbuf_free
 .text.pbuf_clen
                0x0802e488       0x30 ./rt-thread/components/net/lwip-2.0.2/src/core/pbuf.o
                0x0802e488                pbuf_clen
 .text.pbuf_ref
                0x0802e4b8       0x4c ./rt-thread/components/net/lwip-2.0.2/src/core/pbuf.o
                0x0802e4b8                pbuf_ref
 .text.pbuf_cat
                0x0802e504       0xac ./rt-thread/components/net/lwip-2.0.2/src/core/pbuf.o
                0x0802e504                pbuf_cat
 .text.pbuf_chain
                0x0802e5b0       0x20 ./rt-thread/components/net/lwip-2.0.2/src/core/pbuf.o
                0x0802e5b0                pbuf_chain
 .text.pbuf_copy
                0x0802e5d0      0x1a0 ./rt-thread/components/net/lwip-2.0.2/src/core/pbuf.o
                0x0802e5d0                pbuf_copy
 .text.pbuf_copy_partial
                0x0802e770       0xf4 ./rt-thread/components/net/lwip-2.0.2/src/core/pbuf.o
                0x0802e770                pbuf_copy_partial
 .text.pbuf_skip_const
                0x0802e864       0x54 ./rt-thread/components/net/lwip-2.0.2/src/core/pbuf.o
 .text.pbuf_skip
                0x0802e8b8       0x28 ./rt-thread/components/net/lwip-2.0.2/src/core/pbuf.o
                0x0802e8b8                pbuf_skip
 .text.pbuf_take
                0x0802e8e0      0x128 ./rt-thread/components/net/lwip-2.0.2/src/core/pbuf.o
                0x0802e8e0                pbuf_take
 .text.pbuf_take_at
                0x0802ea08       0xa4 ./rt-thread/components/net/lwip-2.0.2/src/core/pbuf.o
                0x0802ea08                pbuf_take_at
 .text.pbuf_try_get_at
                0x0802eaac       0x44 ./rt-thread/components/net/lwip-2.0.2/src/core/pbuf.o
                0x0802eaac                pbuf_try_get_at
 .text.pbuf_put_at
                0x0802eaf0       0x44 ./rt-thread/components/net/lwip-2.0.2/src/core/pbuf.o
                0x0802eaf0                pbuf_put_at
 .text.raw_input_match
                0x0802eb34       0x60 ./rt-thread/components/net/lwip-2.0.2/src/core/raw.o
 .text.raw_input
                0x0802eb94       0xf0 ./rt-thread/components/net/lwip-2.0.2/src/core/raw.o
                0x0802eb94                raw_input
 .text.raw_bind
                0x0802ec84       0x3c ./rt-thread/components/net/lwip-2.0.2/src/core/raw.o
                0x0802ec84                raw_bind
 .text.raw_recv
                0x0802ecc0       0x24 ./rt-thread/components/net/lwip-2.0.2/src/core/raw.o
                0x0802ecc0                raw_recv
 .text.raw_sendto
                0x0802ece4      0x14c ./rt-thread/components/net/lwip-2.0.2/src/core/raw.o
                0x0802ece4                raw_sendto
 .text.raw_send
                0x0802ee30       0x24 ./rt-thread/components/net/lwip-2.0.2/src/core/raw.o
                0x0802ee30                raw_send
 .text.raw_remove
                0x0802ee54       0x64 ./rt-thread/components/net/lwip-2.0.2/src/core/raw.o
                0x0802ee54                raw_remove
 .text.raw_new  0x0802eeb8       0x54 ./rt-thread/components/net/lwip-2.0.2/src/core/raw.o
                0x0802eeb8                raw_new
 .text.raw_new_ip_type
                0x0802ef0c       0x24 ./rt-thread/components/net/lwip-2.0.2/src/core/raw.o
                0x0802ef0c                raw_new_ip_type
 .text.raw_netif_ip_addr_changed
                0x0802ef30       0x60 ./rt-thread/components/net/lwip-2.0.2/src/core/raw.o
                0x0802ef30                raw_netif_ip_addr_changed
 .text.tcp_init
                0x0802ef90       0x10 ./rt-thread/components/net/lwip-2.0.2/src/core/tcp.o
                0x0802ef90                tcp_init
 .text.tcp_tmr  0x0802efa0       0x2c ./rt-thread/components/net/lwip-2.0.2/src/core/tcp.o
                0x0802efa0                tcp_tmr
 .text.tcp_remove_listener
                0x0802efcc       0x38 ./rt-thread/components/net/lwip-2.0.2/src/core/tcp.o
 .text.tcp_listen_closed
                0x0802f004       0x70 ./rt-thread/components/net/lwip-2.0.2/src/core/tcp.o
 .text.tcp_close_shutdown
                0x0802f074      0x1cc ./rt-thread/components/net/lwip-2.0.2/src/core/tcp.o
 .text.tcp_close_shutdown_fin
                0x0802f240       0xc8 ./rt-thread/components/net/lwip-2.0.2/src/core/tcp.o
 .text.tcp_close
                0x0802f308       0x30 ./rt-thread/components/net/lwip-2.0.2/src/core/tcp.o
                0x0802f308                tcp_close
 .text.tcp_shutdown
                0x0802f338       0x90 ./rt-thread/components/net/lwip-2.0.2/src/core/tcp.o
                0x0802f338                tcp_shutdown
 .text.tcp_abandon
                0x0802f3c8      0x160 ./rt-thread/components/net/lwip-2.0.2/src/core/tcp.o
                0x0802f3c8                tcp_abandon
 .text.tcp_abort
                0x0802f528       0x18 ./rt-thread/components/net/lwip-2.0.2/src/core/tcp.o
                0x0802f528                tcp_abort
 .text.tcp_bind
                0x0802f540      0x14c ./rt-thread/components/net/lwip-2.0.2/src/core/tcp.o
                0x0802f540                tcp_bind
 .text.tcp_accept_null
                0x0802f68c       0x20 ./rt-thread/components/net/lwip-2.0.2/src/core/tcp.o
 .text.tcp_listen_with_backlog_and_err
                0x0802f6ac      0x178 ./rt-thread/components/net/lwip-2.0.2/src/core/tcp.o
                0x0802f6ac                tcp_listen_with_backlog_and_err
 .text.tcp_update_rcv_ann_wnd
                0x0802f824       0xa0 ./rt-thread/components/net/lwip-2.0.2/src/core/tcp.o
                0x0802f824                tcp_update_rcv_ann_wnd
 .text.tcp_recved
                0x0802f8c4       0xb4 ./rt-thread/components/net/lwip-2.0.2/src/core/tcp.o
                0x0802f8c4                tcp_recved
 .text.tcp_new_port
                0x0802f978       0x88 ./rt-thread/components/net/lwip-2.0.2/src/core/tcp.o
 .text.tcp_slowtmr
                0x0802fa00      0x590 ./rt-thread/components/net/lwip-2.0.2/src/core/tcp.o
                0x0802fa00                tcp_slowtmr
 .text.tcp_fasttmr
                0x0802ff90       0xc8 ./rt-thread/components/net/lwip-2.0.2/src/core/tcp.o
                0x0802ff90                tcp_fasttmr
 .text.tcp_process_refused_data
                0x08030058       0xd4 ./rt-thread/components/net/lwip-2.0.2/src/core/tcp.o
                0x08030058                tcp_process_refused_data
 .text.tcp_segs_free
                0x0803012c       0x28 ./rt-thread/components/net/lwip-2.0.2/src/core/tcp.o
                0x0803012c                tcp_segs_free
 .text.tcp_seg_free
                0x08030154       0x30 ./rt-thread/components/net/lwip-2.0.2/src/core/tcp.o
                0x08030154                tcp_seg_free
 .text.tcp_seg_copy
                0x08030184       0x44 ./rt-thread/components/net/lwip-2.0.2/src/core/tcp.o
                0x08030184                tcp_seg_copy
 .text.tcp_recv_null
                0x080301c8       0x44 ./rt-thread/components/net/lwip-2.0.2/src/core/tcp.o
                0x080301c8                tcp_recv_null
 .text.tcp_kill_prio
                0x0803020c       0x84 ./rt-thread/components/net/lwip-2.0.2/src/core/tcp.o
 .text.tcp_kill_state
                0x08030290       0x94 ./rt-thread/components/net/lwip-2.0.2/src/core/tcp.o
 .text.tcp_kill_timewait
                0x08030324       0x60 ./rt-thread/components/net/lwip-2.0.2/src/core/tcp.o
 .text.tcp_alloc
                0x08030384      0x138 ./rt-thread/components/net/lwip-2.0.2/src/core/tcp.o
                0x08030384                tcp_alloc
 .text.tcp_new_ip_type
                0x080304bc       0x1c ./rt-thread/components/net/lwip-2.0.2/src/core/tcp.o
                0x080304bc                tcp_new_ip_type
 .text.tcp_arg  0x080304d8       0x24 ./rt-thread/components/net/lwip-2.0.2/src/core/tcp.o
                0x080304d8                tcp_arg
 .text.tcp_recv
                0x080304fc       0x40 ./rt-thread/components/net/lwip-2.0.2/src/core/tcp.o
                0x080304fc                tcp_recv
 .text.tcp_sent
                0x0803053c       0x40 ./rt-thread/components/net/lwip-2.0.2/src/core/tcp.o
                0x0803053c                tcp_sent
 .text.tcp_err  0x0803057c       0x40 ./rt-thread/components/net/lwip-2.0.2/src/core/tcp.o
                0x0803057c                tcp_err
 .text.tcp_accept
                0x080305bc       0x30 ./rt-thread/components/net/lwip-2.0.2/src/core/tcp.o
                0x080305bc                tcp_accept
 .text.tcp_poll
                0x080305ec       0x44 ./rt-thread/components/net/lwip-2.0.2/src/core/tcp.o
                0x080305ec                tcp_poll
 .text.tcp_pcb_purge
                0x08030630       0x84 ./rt-thread/components/net/lwip-2.0.2/src/core/tcp.o
                0x08030630                tcp_pcb_purge
 .text.tcp_pcb_remove
                0x080306b4       0xf8 ./rt-thread/components/net/lwip-2.0.2/src/core/tcp.o
                0x080306b4                tcp_pcb_remove
 .text.tcp_next_iss
                0x080307ac       0x30 ./rt-thread/components/net/lwip-2.0.2/src/core/tcp.o
                0x080307ac                tcp_next_iss
 .text.tcp_eff_send_mss_impl
                0x080307dc       0x48 ./rt-thread/components/net/lwip-2.0.2/src/core/tcp.o
                0x080307dc                tcp_eff_send_mss_impl
 .text.tcp_netif_ip_addr_changed_pcblist
                0x08030824       0x44 ./rt-thread/components/net/lwip-2.0.2/src/core/tcp.o
 .text.tcp_netif_ip_addr_changed
                0x08030868       0x80 ./rt-thread/components/net/lwip-2.0.2/src/core/tcp.o
                0x08030868                tcp_netif_ip_addr_changed
 .text.tcp_debug_state_str
                0x080308e8       0x24 ./rt-thread/components/net/lwip-2.0.2/src/core/tcp.o
                0x080308e8                tcp_debug_state_str
 .text.tcp_input
                0x0803090c      0x7f8 ./rt-thread/components/net/lwip-2.0.2/src/core/tcp_in.o
                0x0803090c                tcp_input
 .text.tcp_listen_input
                0x08031104      0x1c4 ./rt-thread/components/net/lwip-2.0.2/src/core/tcp_in.o
 .text.tcp_timewait_input
                0x080312c8       0xd0 ./rt-thread/components/net/lwip-2.0.2/src/core/tcp_in.o
 .text.tcp_process
                0x08031398      0x778 ./rt-thread/components/net/lwip-2.0.2/src/core/tcp_in.o
 .text.tcp_oos_insert_segment
                0x08031b10       0xec ./rt-thread/components/net/lwip-2.0.2/src/core/tcp_in.o
 .text.tcp_receive
                0x08031bfc      0xffc ./rt-thread/components/net/lwip-2.0.2/src/core/tcp_in.o
 .text.tcp_getoptbyte
                0x08032bf8       0x78 ./rt-thread/components/net/lwip-2.0.2/src/core/tcp_in.o
 .text.tcp_parseopt
                0x08032c70       0xc8 ./rt-thread/components/net/lwip-2.0.2/src/core/tcp_in.o
 .text.tcp_trigger_input_pcb_close
                0x08032d38       0x20 ./rt-thread/components/net/lwip-2.0.2/src/core/tcp_in.o
                0x08032d38                tcp_trigger_input_pcb_close
 .text.tcp_output_alloc_header
                0x08032d58       0xf4 ./rt-thread/components/net/lwip-2.0.2/src/core/tcp_out.o
 .text.tcp_send_fin
                0x08032e4c       0x7c ./rt-thread/components/net/lwip-2.0.2/src/core/tcp_out.o
                0x08032e4c                tcp_send_fin
 .text.tcp_create_segment
                0x08032ec8      0x118 ./rt-thread/components/net/lwip-2.0.2/src/core/tcp_out.o
 .text.tcp_pbuf_prealloc
                0x08032fe0       0xc4 ./rt-thread/components/net/lwip-2.0.2/src/core/tcp_out.o
 .text.tcp_write_checks
                0x080330a4       0xec ./rt-thread/components/net/lwip-2.0.2/src/core/tcp_out.o
 .text.tcp_write
                0x08033190      0x6c0 ./rt-thread/components/net/lwip-2.0.2/src/core/tcp_out.o
                0x08033190                tcp_write
 .text.tcp_enqueue_flags
                0x08033850      0x204 ./rt-thread/components/net/lwip-2.0.2/src/core/tcp_out.o
                0x08033850                tcp_enqueue_flags
 .text.tcp_send_empty_ack
                0x08033a54       0xdc ./rt-thread/components/net/lwip-2.0.2/src/core/tcp_out.o
                0x08033a54                tcp_send_empty_ack
 .text.tcp_output
                0x08033b30      0x3c4 ./rt-thread/components/net/lwip-2.0.2/src/core/tcp_out.o
                0x08033b30                tcp_output
 .text.tcp_output_segment
                0x08033ef4      0x160 ./rt-thread/components/net/lwip-2.0.2/src/core/tcp_out.o
 .text.tcp_rst  0x08034054      0x104 ./rt-thread/components/net/lwip-2.0.2/src/core/tcp_out.o
                0x08034054                tcp_rst
 .text.tcp_rexmit_rto
                0x08034158       0x6c ./rt-thread/components/net/lwip-2.0.2/src/core/tcp_out.o
                0x08034158                tcp_rexmit_rto
 .text.tcp_rexmit
                0x080341c4       0xa0 ./rt-thread/components/net/lwip-2.0.2/src/core/tcp_out.o
                0x080341c4                tcp_rexmit
 .text.tcp_rexmit_fast
                0x08034264       0x9c ./rt-thread/components/net/lwip-2.0.2/src/core/tcp_out.o
                0x08034264                tcp_rexmit_fast
 .text.tcp_keepalive
                0x08034300       0xa0 ./rt-thread/components/net/lwip-2.0.2/src/core/tcp_out.o
                0x08034300                tcp_keepalive
 .text.tcp_zero_window_probe
                0x080343a0      0x158 ./rt-thread/components/net/lwip-2.0.2/src/core/tcp_out.o
                0x080343a0                tcp_zero_window_probe
 .text.tcpip_tcp_timer
                0x080344f8       0x48 ./rt-thread/components/net/lwip-2.0.2/src/core/timeouts.o
 .text.tcp_timer_needed
                0x08034540       0x40 ./rt-thread/components/net/lwip-2.0.2/src/core/timeouts.o
                0x08034540                tcp_timer_needed
 .text.cyclic_timer
                0x08034580       0x2c ./rt-thread/components/net/lwip-2.0.2/src/core/timeouts.o
 .text.sys_timeouts_init
                0x080345ac       0x50 ./rt-thread/components/net/lwip-2.0.2/src/core/timeouts.o
                0x080345ac                sys_timeouts_init
 .text.sys_timeout
                0x080345fc      0x148 ./rt-thread/components/net/lwip-2.0.2/src/core/timeouts.o
                0x080345fc                sys_timeout
 .text.sys_check_timeouts
                0x08034744       0xa4 ./rt-thread/components/net/lwip-2.0.2/src/core/timeouts.o
 .text.sys_timeouts_sleeptime
                0x080347e8       0x4c ./rt-thread/components/net/lwip-2.0.2/src/core/timeouts.o
 .text.sys_timeouts_mbox_fetch
                0x08034834       0x4c ./rt-thread/components/net/lwip-2.0.2/src/core/timeouts.o
                0x08034834                sys_timeouts_mbox_fetch
 .text.udp_init
                0x08034880       0x10 ./rt-thread/components/net/lwip-2.0.2/src/core/udp.o
                0x08034880                udp_init
 .text.udp_new_port
                0x08034890       0x70 ./rt-thread/components/net/lwip-2.0.2/src/core/udp.o
 .text.udp_input_local_match
                0x08034900       0x84 ./rt-thread/components/net/lwip-2.0.2/src/core/udp.o
 .text.udp_input
                0x08034984      0x208 ./rt-thread/components/net/lwip-2.0.2/src/core/udp.o
                0x08034984                udp_input
 .text.udp_send
                0x08034b8c       0x30 ./rt-thread/components/net/lwip-2.0.2/src/core/udp.o
                0x08034b8c                udp_send
 .text.udp_sendto
                0x08034bbc       0x80 ./rt-thread/components/net/lwip-2.0.2/src/core/udp.o
                0x08034bbc                udp_sendto
 .text.udp_sendto_if
                0x08034c3c       0x7c ./rt-thread/components/net/lwip-2.0.2/src/core/udp.o
                0x08034c3c                udp_sendto_if
 .text.udp_sendto_if_src
                0x08034cb8      0x1c0 ./rt-thread/components/net/lwip-2.0.2/src/core/udp.o
                0x08034cb8                udp_sendto_if_src
 .text.udp_bind
                0x08034e78       0xf8 ./rt-thread/components/net/lwip-2.0.2/src/core/udp.o
                0x08034e78                udp_bind
 .text.udp_connect
                0x08034f70       0xac ./rt-thread/components/net/lwip-2.0.2/src/core/udp.o
                0x08034f70                udp_connect
 .text.udp_recv
                0x0803501c       0x24 ./rt-thread/components/net/lwip-2.0.2/src/core/udp.o
                0x0803501c                udp_recv
 .text.udp_remove
                0x08035040       0x64 ./rt-thread/components/net/lwip-2.0.2/src/core/udp.o
                0x08035040                udp_remove
 .text.udp_new  0x080350a4       0x40 ./rt-thread/components/net/lwip-2.0.2/src/core/udp.o
                0x080350a4                udp_new
 .text.udp_new_ip_type
                0x080350e4       0x1c ./rt-thread/components/net/lwip-2.0.2/src/core/udp.o
                0x080350e4                udp_new_ip_type
 .text.udp_netif_ip_addr_changed
                0x08035100       0x60 ./rt-thread/components/net/lwip-2.0.2/src/core/udp.o
                0x08035100                udp_netif_ip_addr_changed
 .text.netif_device_init
                0x08035160       0x48 ./rt-thread/components/net/lwip-2.0.2/src/arch/sys_arch.o
 .text.tcpip_init_done_callback
                0x080351a8      0x118 ./rt-thread/components/net/lwip-2.0.2/src/arch/sys_arch.o
 .text.lwip_system_init
                0x080352c0       0xb8 ./rt-thread/components/net/lwip-2.0.2/src/arch/sys_arch.o
                0x080352c0                lwip_system_init
 .text.sys_init
                0x08035378       0x10 ./rt-thread/components/net/lwip-2.0.2/src/arch/sys_arch.o
                0x08035378                sys_init
 .text.sys_sem_new
                0x08035388       0x98 ./rt-thread/components/net/lwip-2.0.2/src/arch/sys_arch.o
                0x08035388                sys_sem_new
 .text.sys_sem_free
                0x08035420       0x50 ./rt-thread/components/net/lwip-2.0.2/src/arch/sys_arch.o
                0x08035420                sys_sem_free
 .text.sys_sem_signal
                0x08035470       0x1c ./rt-thread/components/net/lwip-2.0.2/src/arch/sys_arch.o
                0x08035470                sys_sem_signal
 .text.sys_arch_sem_wait
                0x0803548c       0xac ./rt-thread/components/net/lwip-2.0.2/src/arch/sys_arch.o
                0x0803548c                sys_arch_sem_wait
 .text.sys_sem_valid
                0x08035538       0x18 ./rt-thread/components/net/lwip-2.0.2/src/arch/sys_arch.o
                0x08035538                sys_sem_valid
 .text.sys_sem_set_invalid
                0x08035550       0x1c ./rt-thread/components/net/lwip-2.0.2/src/arch/sys_arch.o
                0x08035550                sys_sem_set_invalid
 .text.sys_mutex_new
                0x0803556c       0x94 ./rt-thread/components/net/lwip-2.0.2/src/arch/sys_arch.o
                0x0803556c                sys_mutex_new
 .text.sys_mutex_lock
                0x08035600       0x54 ./rt-thread/components/net/lwip-2.0.2/src/arch/sys_arch.o
                0x08035600                sys_mutex_lock
 .text.sys_mutex_unlock
                0x08035654       0x1c ./rt-thread/components/net/lwip-2.0.2/src/arch/sys_arch.o
                0x08035654                sys_mutex_unlock
 .text.sys_mbox_new
                0x08035670       0x98 ./rt-thread/components/net/lwip-2.0.2/src/arch/sys_arch.o
                0x08035670                sys_mbox_new
 .text.sys_mbox_free
                0x08035708       0x50 ./rt-thread/components/net/lwip-2.0.2/src/arch/sys_arch.o
                0x08035708                sys_mbox_free
 .text.sys_mbox_post
                0x08035758       0x58 ./rt-thread/components/net/lwip-2.0.2/src/arch/sys_arch.o
                0x08035758                sys_mbox_post
 .text.sys_mbox_trypost
                0x080357b0       0x30 ./rt-thread/components/net/lwip-2.0.2/src/arch/sys_arch.o
                0x080357b0                sys_mbox_trypost
 .text.sys_arch_mbox_fetch
                0x080357e0       0xc4 ./rt-thread/components/net/lwip-2.0.2/src/arch/sys_arch.o
                0x080357e0                sys_arch_mbox_fetch
 .text.sys_arch_mbox_tryfetch
                0x080358a4       0x3c ./rt-thread/components/net/lwip-2.0.2/src/arch/sys_arch.o
                0x080358a4                sys_arch_mbox_tryfetch
 .text.sys_mbox_valid
                0x080358e0       0x18 ./rt-thread/components/net/lwip-2.0.2/src/arch/sys_arch.o
                0x080358e0                sys_mbox_valid
 .text.sys_mbox_set_invalid
                0x080358f8       0x1c ./rt-thread/components/net/lwip-2.0.2/src/arch/sys_arch.o
                0x080358f8                sys_mbox_set_invalid
 .text.sys_thread_new
                0x08035914       0x84 ./rt-thread/components/net/lwip-2.0.2/src/arch/sys_arch.o
                0x08035914                sys_thread_new
 .text.sys_arch_assert
                0x08035998       0x3c ./rt-thread/components/net/lwip-2.0.2/src/arch/sys_arch.o
                0x08035998                sys_arch_assert
 .text.sys_now  0x080359d4       0x10 ./rt-thread/components/net/lwip-2.0.2/src/arch/sys_arch.o
                0x080359d4                sys_now
 .text.mem_init
                0x080359e4       0x10 ./rt-thread/components/net/lwip-2.0.2/src/arch/sys_arch.o
                0x080359e4                mem_init
 .text.mem_trim
                0x080359f4       0x1c ./rt-thread/components/net/lwip-2.0.2/src/arch/sys_arch.o
                0x080359f4                mem_trim
 .text.mem_malloc
                0x08035a10       0x1c ./rt-thread/components/net/lwip-2.0.2/src/arch/sys_arch.o
                0x08035a10                mem_malloc
 .text.mem_free
                0x08035a2c       0x18 ./rt-thread/components/net/lwip-2.0.2/src/arch/sys_arch.o
                0x08035a2c                mem_free
 .text.ping_prepare_echo
                0x08035a44       0x98 ./rt-thread/components/net/lwip-2.0.2/src/apps/ping/ping.o
 .text.lwip_ping_send
                0x08035adc       0x98 ./rt-thread/components/net/lwip-2.0.2/src/apps/ping/ping.o
                0x08035adc                lwip_ping_send
 .text.lwip_ping_recv
                0x08035b74       0x94 ./rt-thread/components/net/lwip-2.0.2/src/apps/ping/ping.o
                0x08035b74                lwip_ping_recv
 .text.netconn_apimsg
                0x08035c08       0x3c ./rt-thread/components/net/lwip-2.0.2/src/api/api_lib.o
 .text.netconn_new_with_proto_and_callback
                0x08035c44       0xf8 ./rt-thread/components/net/lwip-2.0.2/src/api/api_lib.o
                0x08035c44                netconn_new_with_proto_and_callback
 .text.netconn_delete
                0x08035d3c       0x54 ./rt-thread/components/net/lwip-2.0.2/src/api/api_lib.o
                0x08035d3c                netconn_delete
 .text.netconn_getaddr
                0x08035d90       0xa0 ./rt-thread/components/net/lwip-2.0.2/src/api/api_lib.o
                0x08035d90                netconn_getaddr
 .text.netconn_bind
                0x08035e30       0x6c ./rt-thread/components/net/lwip-2.0.2/src/api/api_lib.o
                0x08035e30                netconn_bind
 .text.netconn_listen_with_backlog
                0x08035e9c       0x58 ./rt-thread/components/net/lwip-2.0.2/src/api/api_lib.o
                0x08035e9c                netconn_listen_with_backlog
 .text.netconn_accept
                0x08035ef4      0x108 ./rt-thread/components/net/lwip-2.0.2/src/api/api_lib.o
                0x08035ef4                netconn_accept
 .text.netconn_recv_data
                0x08035ffc      0x1d0 ./rt-thread/components/net/lwip-2.0.2/src/api/api_lib.o
 .text.netconn_recv_tcp_pbuf
                0x080361cc       0x4c ./rt-thread/components/net/lwip-2.0.2/src/api/api_lib.o
                0x080361cc                netconn_recv_tcp_pbuf
 .text.netconn_recv
                0x08036218       0xf8 ./rt-thread/components/net/lwip-2.0.2/src/api/api_lib.o
                0x08036218                netconn_recv
 .text.netconn_send
                0x08036310       0x58 ./rt-thread/components/net/lwip-2.0.2/src/api/api_lib.o
                0x08036310                netconn_send
 .text.netconn_write_partly
                0x08036368      0x114 ./rt-thread/components/net/lwip-2.0.2/src/api/api_lib.o
                0x08036368                netconn_write_partly
 .text.netconn_close_shutdown
                0x0803647c       0x64 ./rt-thread/components/net/lwip-2.0.2/src/api/api_lib.o
 .text.netconn_join_leave_group
                0x080364e0       0x80 ./rt-thread/components/net/lwip-2.0.2/src/api/api_lib.o
                0x080364e0                netconn_join_leave_group
 .text.netconn_gethostbyname
                0x08036560       0xcc ./rt-thread/components/net/lwip-2.0.2/src/api/api_lib.o
                0x08036560                netconn_gethostbyname
 .text.recv_raw
                0x0803662c      0x118 ./rt-thread/components/net/lwip-2.0.2/src/api/api_msg.o
 .text.recv_udp
                0x08036744      0x12c ./rt-thread/components/net/lwip-2.0.2/src/api/api_msg.o
 .text.recv_tcp
                0x08036870      0x120 ./rt-thread/components/net/lwip-2.0.2/src/api/api_msg.o
 .text.poll_tcp
                0x08036990       0xb0 ./rt-thread/components/net/lwip-2.0.2/src/api/api_msg.o
 .text.sent_tcp
                0x08036a40       0xac ./rt-thread/components/net/lwip-2.0.2/src/api/api_msg.o
 .text.err_tcp  0x08036aec      0x1d4 ./rt-thread/components/net/lwip-2.0.2/src/api/api_msg.o
 .text.setup_tcp
                0x08036cc0       0x50 ./rt-thread/components/net/lwip-2.0.2/src/api/api_msg.o
 .text.accept_function
                0x08036d10      0x148 ./rt-thread/components/net/lwip-2.0.2/src/api/api_msg.o
 .text.pcb_new  0x08036e58      0x114 ./rt-thread/components/net/lwip-2.0.2/src/api/api_msg.o
 .text.lwip_netconn_do_newconn
                0x08036f6c       0x54 ./rt-thread/components/net/lwip-2.0.2/src/api/api_msg.o
                0x08036f6c                lwip_netconn_do_newconn
 .text.netconn_alloc
                0x08036fc0      0x10c ./rt-thread/components/net/lwip-2.0.2/src/api/api_msg.o
                0x08036fc0                netconn_alloc
 .text.netconn_free
                0x080370cc       0x94 ./rt-thread/components/net/lwip-2.0.2/src/api/api_msg.o
                0x080370cc                netconn_free
 .text.netconn_drain
                0x08037160      0x100 ./rt-thread/components/net/lwip-2.0.2/src/api/api_msg.o
 .text.lwip_netconn_do_close_internal
                0x08037260      0x31c ./rt-thread/components/net/lwip-2.0.2/src/api/api_msg.o
 .text.lwip_netconn_do_delconn
                0x0803757c      0x21c ./rt-thread/components/net/lwip-2.0.2/src/api/api_msg.o
                0x0803757c                lwip_netconn_do_delconn
 .text.lwip_netconn_do_bind
                0x08037798       0xdc ./rt-thread/components/net/lwip-2.0.2/src/api/api_msg.o
                0x08037798                lwip_netconn_do_bind
 .text.lwip_netconn_do_listen
                0x08037874      0x180 ./rt-thread/components/net/lwip-2.0.2/src/api/api_msg.o
                0x08037874                lwip_netconn_do_listen
 .text.lwip_netconn_do_send
                0x080379f4      0x124 ./rt-thread/components/net/lwip-2.0.2/src/api/api_msg.o
                0x080379f4                lwip_netconn_do_send
 .text.lwip_netconn_do_recv
                0x08037b18       0x94 ./rt-thread/components/net/lwip-2.0.2/src/api/api_msg.o
                0x08037b18                lwip_netconn_do_recv
 .text.lwip_netconn_do_writemore
                0x08037bac      0x370 ./rt-thread/components/net/lwip-2.0.2/src/api/api_msg.o
 .text.lwip_netconn_do_write
                0x08037f1c      0x160 ./rt-thread/components/net/lwip-2.0.2/src/api/api_msg.o
                0x08037f1c                lwip_netconn_do_write
 .text.lwip_netconn_do_getaddr
                0x0803807c      0x15c ./rt-thread/components/net/lwip-2.0.2/src/api/api_msg.o
                0x0803807c                lwip_netconn_do_getaddr
 .text.lwip_netconn_do_close
                0x080381d8      0x14c ./rt-thread/components/net/lwip-2.0.2/src/api/api_msg.o
                0x080381d8                lwip_netconn_do_close
 .text.lwip_netconn_do_join_leave_group
                0x08038324       0xbc ./rt-thread/components/net/lwip-2.0.2/src/api/api_msg.o
                0x08038324                lwip_netconn_do_join_leave_group
 .text.lwip_netconn_do_dns_found
                0x080383e0       0x44 ./rt-thread/components/net/lwip-2.0.2/src/api/api_msg.o
 .text.lwip_netconn_do_gethostbyname
                0x08038424       0x50 ./rt-thread/components/net/lwip-2.0.2/src/api/api_msg.o
                0x08038424                lwip_netconn_do_gethostbyname
 .text.err_to_errno
                0x08038474       0x3c ./rt-thread/components/net/lwip-2.0.2/src/api/err.o
                0x08038474                err_to_errno
 .text.netbuf_delete
                0x080384b0       0x40 ./rt-thread/components/net/lwip-2.0.2/src/api/netbuf.o
                0x080384b0                netbuf_delete
 .text.netbuf_free
                0x080384f0       0x4c ./rt-thread/components/net/lwip-2.0.2/src/api/netbuf.o
                0x080384f0                netbuf_free
 .text.netbuf_ref
                0x0803853c       0x90 ./rt-thread/components/net/lwip-2.0.2/src/api/netbuf.o
                0x0803853c                netbuf_ref
 .text.lwip_freeaddrinfo
                0x080385cc       0x2c ./rt-thread/components/net/lwip-2.0.2/src/api/netdb.o
                0x080385cc                lwip_freeaddrinfo
 .text.lwip_getaddrinfo
                0x080385f8      0x204 ./rt-thread/components/net/lwip-2.0.2/src/api/netdb.o
                0x080385f8                lwip_getaddrinfo
 .text.netifapi_do_netif_add
                0x080387fc       0x50 ./rt-thread/components/net/lwip-2.0.2/src/api/netifapi.o
 .text.netifapi_do_netif_common
                0x0803884c       0x3c ./rt-thread/components/net/lwip-2.0.2/src/api/netifapi.o
 .text.netifapi_netif_add
                0x08038888       0x70 ./rt-thread/components/net/lwip-2.0.2/src/api/netifapi.o
                0x08038888                netifapi_netif_add
 .text.netifapi_netif_common
                0x080388f8       0x3c ./rt-thread/components/net/lwip-2.0.2/src/api/netifapi.o
                0x080388f8                netifapi_netif_common
 .text.get_socket
                0x08038934       0x58 ./rt-thread/components/net/lwip-2.0.2/src/api/sockets.o
 .text.tryget_socket
                0x0803898c       0x50 ./rt-thread/components/net/lwip-2.0.2/src/api/sockets.o
 .text.alloc_socket
                0x080389dc      0x10c ./rt-thread/components/net/lwip-2.0.2/src/api/sockets.o
 .text.free_socket
                0x08038ae8       0x54 ./rt-thread/components/net/lwip-2.0.2/src/api/sockets.o
 .text.lwip_accept
                0x08038b3c      0x29c ./rt-thread/components/net/lwip-2.0.2/src/api/sockets.o
                0x08038b3c                lwip_accept
 .text.lwip_bind
                0x08038dd8       0xfc ./rt-thread/components/net/lwip-2.0.2/src/api/sockets.o
                0x08038dd8                lwip_bind
 .text.lwip_close
                0x08038ed4       0xb8 ./rt-thread/components/net/lwip-2.0.2/src/api/sockets.o
                0x08038ed4                lwip_close
 .text.lwip_listen
                0x08038f8c       0xcc ./rt-thread/components/net/lwip-2.0.2/src/api/sockets.o
                0x08038f8c                lwip_listen
 .text.lwip_recvfrom
                0x08039058      0x380 ./rt-thread/components/net/lwip-2.0.2/src/api/sockets.o
                0x08039058                lwip_recvfrom
 .text.lwip_recv
                0x080393d8       0x2c ./rt-thread/components/net/lwip-2.0.2/src/api/sockets.o
                0x080393d8                lwip_recv
 .text.lwip_send
                0x08039404       0xcc ./rt-thread/components/net/lwip-2.0.2/src/api/sockets.o
                0x08039404                lwip_send
 .text.lwip_sendto